v VICTORYDEVICE
# silvaco.file ASCII version=1.14.29 format=1 contents=SDB,Tables=1

Copyright "###################################################################"
Copyright "#                    Copyright Silvaco Inc. (c)                   #"
Copyright "#                            1992-2014                            #"
Copyright "#                                                                 #"
Copyright "# This file format and the following Key are copyright Silvaco    #"
Copyright "# International. You may not use, this format or key without      #"
Copyright "# reproducing this message in full and obtaining                  #"
Copyright "# express written permission from Silvaco Inc.                    #"
Copyright "#                                                                 #"
Copyright "# To obtain such permission please contact: Silvaco Inc.          #"
Copyright "#                                           support@silvaco.com   #"
Copyright "#                                                                 #"
Copyright "# KEY=SVC86hn7562asdx                       PROD=345              #"
Copyright "###################################################################"
#This file was created by VICTORYDEVICE version 1.24.0.R
#victoryd 1.24.0.R (Wed Jun 26 14:34:23 PDT 2024)
#libSDB 1.12.65 (Thu Dec  7 08:14:05 PST 2023)
a VICTORYDEVICE
j 1 9
k 4
r 1 92
x 3 43 42 46
w gate 1 1
r 2 92
x 3 43 42 46
w source 1 2
r 3 92
x 3 43 42 46
w drain 1 3
r 4 92
x 3 43 42 46
w bulk 1 4
y 1 15
z 300
f 4 gate source drain bulk
p 12 2 601 20 3 602 21 4 603 22 5 604 23
d 0 0 0 0 0 -4.2919050183546272e-12 0.0125 0.0125 4.2919658051244731e-12 0 0 -1.3409165412826619e-17
d 0 0 0 0 0 -6.9588920420573161e-12 0.025 0.025 6.9589538989658083e-12 0 0 -2.424504202891314e-17
d 0 0 0 0 0 -9.6599608794093877e-12 0.05 0.05 9.6600907840169896e-12 0 0 -4.0850164165099997e-17
d 0 0 0 0 0 -9.6599827339720559e-12 0.05 0.05 9.6600019057971369e-12 0 0 -4.0849883178916508e-17
d 0.1 0.1 0 0 0 -1.5741157749751644e-10 0.05 0.05 1.5741168170847788e-10 0 0 -4.0517297920129991e-17
d 0.2 0.2 0 0 0 -2.660309487778055e-09 0.05 0.05 2.6603095968442759e-09 0 0 -4.0171660708224115e-17
d 0.3 0.3 0 0 0 -4.2818990718272952e-08 0.05 0.05 4.2818990741423369e-08 0 0 -4.0333587289466732e-17
d 0.4 0.4 0 0 0 -3.9812514608115592e-07 0.05 0.05 3.9812514615594893e-07 0 0 -4.1858907903404932e-17
d 0.5 0.5 0 0 0 -1.3407326837511236e-06 0.05 0.05 1.3407326838026692e-06 0 0 -4.3226014547597588e-17
d 0.6 0.6 0 0 0 -2.548898929777218e-06 0.05 0.05 2.5488989298583003e-06 0 0 -4.3827538391284758e-17
d 0.7 0.7 0 0 0 -3.8207092132167396e-06 0.05 0.05 3.8207092132361197e-06 0 0 -4.413756497361404e-17
d 0.8 0.8 0 0 0 -5.0980539140579572e-06 0.05 0.05 5.0980539130066843e-06 0 0 -4.4271589886654006e-17
d 0.9 0.9 0 0 0 -6.3624170293749884e-06 0.05 0.05 6.3624170291365333e-06 0 0 -4.4326902185233616e-17
d 1 1 0 0 0 -7.6072468359470628e-06 0.05 0.05 7.6072468359654511e-06 0 0 -4.4335561857453146e-17
d 1.0999999999999999 1.0999999999999999 0 0 0 -8.8303632726309556e-06 0.05 0.05 8.8303632726842154e-06 0 0 -4.4536326976493335e-17
d 1.2 1.2 0 0 0 -1.0031400393519947e-05 0.05 0.05 1.0031400393597778e-05 0 0 -4.462139351471961e-17
d 1.3 1.3 0 0 0 -1.1210797554074594e-05 0.05 0.05 1.121079755425164e-05 0 0 -4.4447879004849348e-17
d 1.4000000000000001 1.4000000000000001 0 0 0 -1.2369354630815732e-05 0.05 0.05 1.2369354630947198e-05 0 0 -4.4558197251609309e-17
d 1.5000000000000002 1.5000000000000002 0 0 0 -1.350802249382257e-05 0.05 0.05 1.3508022522543414e-05 0 0 -4.4711805965198211e-17
d 1.6000000000000003 1.6000000000000003 0 0 0 -1.4627789454039445e-05 0.05 0.05 1.4627789493256361e-05 0 0 -4.450352809928448e-17
d 1.7000000000000004 1.7000000000000004 0 0 0 -1.5729640127266685e-05 0.05 0.05 1.5729640170249559e-05 0 0 -4.4609673975590691e-17
d 1.8000000000000005 1.8000000000000005 0 0 0 -1.6814519845723778e-05 0.05 0.05 1.6814519892276651e-05 0 0 -4.4622516883857664e-17
d 1.9000000000000006 1.9000000000000006 0 0 0 -1.7883324046371199e-05 0.05 0.05 1.788332409639255e-05 0 0 -4.4600513874799601e-17
d 2.0000000000000004 2.0000000000000004 0 0 0 -1.893689319634723e-05 0.05 0.05 1.8936893249709618e-05 0 0 -4.4923963287653455e-17
d 2.1000000000000005 2.1000000000000005 0 0 0 -1.9976011992502975e-05 0.05 0.05 1.9976012049413326e-05 0 0 -4.4717970705174052e-17
d 2.2000000000000006 2.2000000000000006 0 0 0 -2.1001410861712559e-05 0.05 0.05 2.1001410922264007e-05 0 0 -4.4815304196248441e-17
d 2.3000000000000007 2.3000000000000007 0 0 0 -2.2013768693098992e-05 0.05 0.05 2.2013768757693155e-05 0 0 -4.4567212029855336e-17
d 2.4000000000000008 2.4000000000000008 0 0 0 -2.3013716090842149e-05 0.05 0.05 2.3013716160285315e-05 0 0 -4.481641506338035e-17
d 2.5000000000000009 2.5000000000000009 0 0 0 -2.4001838868312944e-05 0.05 0.05 2.4001838943781611e-05 0 0 -4.4928388973146648e-17
d 2.600000000000001 2.600000000000001 0 0 0 -2.497868149309958e-05 0.05 0.05 2.497868157801759e-05 0 0 -4.4757019397299162e-17
d 2.7000000000000011 2.7000000000000011 0 0 0 -2.5944749380487982e-05 0.05 0.05 2.5944749298786447e-05 0 0 -4.4568551898364437e-17
d 2.8000000000000012 2.8000000000000012 0 0 0 -2.6900513555044739e-05 0.05 0.05 2.6900513486105788e-05 0 0 -4.4854270886110062e-17
d 2.9000000000000012 2.9000000000000012 0 0 0 -2.7846413731237476e-05 0.05 0.05 2.7846413659795397e-05 0 0 -4.4861656460069266e-17
d 3 3 0 0 0 -2.8782859351742381e-05 0.05 0.05 2.8782859287014942e-05 0 0 -4.4827961500711061e-17
Q 2 13 "Gate Voltage"
Q 3 13 "Source Voltage"
Q 4 13 "Drain Voltage"
Q 5 13 "Bulk Voltage"
Q 20 13 "Gate Current"
Q 21 13 "Source Current"
Q 22 13 "Drain Current"
Q 23 13 "Bulk Current"
Q 92 21 Contact
Q 601 13 "Gate Int. Voltage"
Q 602 13 "Source Int. Voltage"
Q 603 13 "Drain Int. Voltage"
Q 604 13 "Bulk Int. Voltage"
EOF 22184880
