v VICTORYDEVICE
# silvaco.file ASCII version=1.14.29 format=1 contents=SDB,Tables=1

Copyright "###################################################################"
Copyright "#                    Copyright Silvaco Inc. (c)                   #"
Copyright "#                            1992-2014                            #"
Copyright "#                                                                 #"
Copyright "# This file format and the following Key are copyright Silvaco    #"
Copyright "# International. You may not use, this format or key without      #"
Copyright "# reproducing this message in full and obtaining                  #"
Copyright "# express written permission from Silvaco Inc.                    #"
Copyright "#                                                                 #"
Copyright "# To obtain such permission please contact: Silvaco Inc.          #"
Copyright "#                                           support@silvaco.com   #"
Copyright "#                                                                 #"
Copyright "# KEY=SVC86hn7562asdx                       PROD=345              #"
Copyright "###################################################################"
#This file was created by VICTORYDEVICE version 1.24.0.R
#victoryd 1.24.0.R (Wed Jun 26 14:34:23 PDT 2024)
#libSDB 1.12.65 (Thu Dec  7 08:14:05 PST 2023)
a VICTORYDEVICE
j 1 9
k 4
r 1 92
x 3 43 42 46
w gate 1 1
r 2 92
x 3 43 42 46
w source 1 2
r 3 92
x 3 43 42 46
w drain 1 3
r 4 92
x 3 43 42 46
w bulk 1 4
y 1 15
z 300
f 4 gate source drain bulk
p 12 2 601 20 3 602 21 4 603 22 5 604 23
d 0 0 0 0 0 -4.9508412878927035e-12 0.0125 0.0125 4.9507819465928983e-12 0 0 -1.5401929816832915e-17
d 0 0 0 0 0 -8.0277347451464657e-12 0.025 0.025 8.0278147100332216e-12 0 0 -2.7580095136058712e-17
d 0 0 0 0 0 -1.1144812720352712e-11 0.05 0.05 1.1144858411363746e-11 0 0 -4.6412988974692358e-17
d 0 0 0 0 0 -1.1144810210677187e-11 0.05 0.05 1.1144910776906735e-11 0 0 -4.6405715375936434e-17
d 0.05 0.05 0 0 0 -4.4658488007656633e-11 0.05 0.05 4.4658542293131369e-11 0 0 -4.6357462469781713e-17
d 0.1 0.1 0 0 0 -1.8106915432623496e-10 0.05 0.05 1.8106921876076287e-10 0 0 -4.6106790632122136e-17
d 0.15 0.15 0 0 0 -7.4121795793681402e-10 0.05 0.05 7.4121794135547882e-10 0 0 -4.6194629148374458e-17
d 0.2 0.2 0 0 0 -3.0496541058375387e-09 0.05 0.05 3.0496541286643251e-09 0 0 -4.5973032384519257e-17
d 0.25 0.25 0 0 0 -1.2448865256206902e-08 0.05 0.05 1.2448865330334178e-08 0 0 -4.588631786894136e-17
d 0.3 0.3 0 0 0 -4.8455970927248705e-08 0.05 0.05 4.8455970988189966e-08 0 0 -4.6152647934340731e-17
d 0.35 0.35 0 0 0 -1.6376119873790549e-07 0.05 0.05 1.637611988707799e-07 0 0 -4.6745729676599089e-17
d 0.4 0.4 0 0 0 -4.2928513442808387e-07 0.05 0.05 4.2928513449413947e-07 0 0 -4.7710571314606517e-17
d 0.45 0.45 0 0 0 -8.5555514271214012e-07 0.05 0.05 8.5555514281998266e-07 0 0 -4.8682672417037128e-17
d 0.5 0.5 0 0 0 -1.389952257062709e-06 0.05 0.05 1.3899522570995583e-06 0 0 -4.9124699732088386e-17
d 0.55 0.55 0 0 0 -1.9820637756343858e-06 0.05 0.05 1.9820637756409228e-06 0 0 -4.9791554507116713e-17
d 0.6 0.6 0 0 0 -2.6027313411530857e-06 0.05 0.05 2.6027313410962621e-06 0 0 -4.9733080716693238e-17
d 0.65 0.65 0 0 0 -3.2366996082747717e-06 0.05 0.05 3.2366996083051992e-06 0 0 -4.9935593722245768e-17
d 0.7 0.7 0 0 0 -3.8758070179518632e-06 0.05 0.05 3.8758070180758773e-06 0 0 -5.0253527280057102e-17
d 0.75000000000000011 0.75000000000000011 0 0 0 -4.515495171908684e-06 0.05 0.05 4.5154951715988656e-06 0 0 -5.0481598513547299e-17
d 0.8 0.8 0 0 0 -5.1531021144719165e-06 0.05 0.05 5.1531021142785685e-06 0 0 -5.0395435971971784e-17
d 0.8500000000000002 0.8500000000000002 0 0 0 -5.7870409991558109e-06 0.05 0.05 5.7870409992061983e-06 0 0 -5.0456065773326019e-17
d 0.90000000000000024 0.90000000000000024 0 0 0 -6.4163546479805021e-06 0.05 0.05 6.4163546483708801e-06 0 0 -5.0611477136899439e-17
d 0.95000000000000029 0.95000000000000029 0 0 0 -7.0404718548532615e-06 0.05 0.05 7.0404718556230857e-06 0 0 -5.0625220796034677e-17
d 1.0000000000000002 1.0000000000000002 0 0 0 -7.6590657355346921e-06 0.05 0.05 7.6590657365850841e-06 0 0 -5.0618628653382033e-17
d 1.0500000000000003 1.0500000000000003 0 0 0 -8.2719678975491464e-06 0.05 0.05 8.2719678991850651e-06 0 0 -5.0669939985577839e-17
d 1.1000000000000003 1.1000000000000003 0 0 0 -8.8791146311272503e-06 0.05 0.05 8.8791146329912276e-06 0 0 -5.0825604069583374e-17
d 1.1500000000000004 1.1500000000000004 0 0 0 -9.4805123096020157e-06 0.05 0.05 9.4805123120084346e-06 0 0 -5.0729027640963777e-17
d 1.2000000000000004 1.2000000000000004 0 0 0 -1.007621402527927e-05 0.05 0.05 1.0076214028068759e-05 0 0 -5.0876306383502653e-17
d 1.2500000000000004 1.2500000000000004 0 0 0 -1.0666304806879958e-05 0.05 0.05 1.0666304810056519e-05 0 0 -5.0983053253980536e-17
d 1.3000000000000005 1.3000000000000005 0 0 0 -1.1250890313531096e-05 0.05 0.05 1.1250890317203426e-05 0 0 -5.0914744339054222e-17
d 1.3500000000000005 1.3500000000000005 0 0 0 -1.1830089608958934e-05 0.05 0.05 1.1830089613101008e-05 0 0 -5.0839581761128901e-17
d 1.4000000000000006 1.4000000000000006 0 0 0 -1.2404029921793794e-05 0.05 0.05 1.2404029926478003e-05 0 0 -5.0899489415231196e-17
d 1.4500000000000006 1.4500000000000006 0 0 0 -1.2972842830670773e-05 0.05 0.05 1.2972842838428648e-05 0 0 -5.1005101721189758e-17
d 1.5000000000000007 1.5000000000000007 0 0 0 -1.353666216124426e-05 0.05 0.05 1.3536662170032108e-05 0 0 -5.0968144184041637e-17
d 1.5500000000000007 1.5500000000000007 0 0 0 -1.4095621451689071e-05 0.05 0.05 1.4095621446948509e-05 0 0 -5.0789581122162973e-17
d 1.6000000000000008 1.6000000000000008 0 0 0 -1.4649852732323787e-05 0.05 0.05 1.4649852728429822e-05 0 0 -5.0850500985396213e-17
d 1.6500000000000008 1.6500000000000008 0 0 0 -1.5199486404388946e-05 0.05 0.05 1.5199486401304877e-05 0 0 -5.0811798043679876e-17
d 1.7000000000000008 1.7000000000000008 0 0 0 -1.5744649153019987e-05 0.05 0.05 1.5744649143333874e-05 0 0 -5.085342472220698e-17
d 1.7500000000000009 1.7500000000000009 0 0 0 -1.6285465143815569e-05 0.05 0.05 1.6285465134495442e-05 0 0 -5.089592901674124e-17
d 1.8000000000000009 1.8000000000000009 0 0 0 -1.6822054623887102e-05 0.05 0.05 1.682205461498672e-05 0 0 -5.0894411508929738e-17
d 1.850000000000001 1.850000000000001 0 0 0 -1.7354534012364856e-05 0.05 0.05 1.7354534003782437e-05 0 0 -5.0913251701247609e-17
d 1.900000000000001 1.900000000000001 0 0 0 -1.7883015873911192e-05 0.05 0.05 1.7883015865604943e-05 0 0 -5.0972076503325437e-17
d 1.9500000000000011 1.9500000000000011 0 0 0 -1.840760890160222e-05 0.05 0.05 1.8407608893531358e-05 0 0 -5.0941733365263468e-17
d 2.0000000000000009 2.0000000000000009 0 0 0 -1.8928417855802584e-05 0.05 0.05 1.8928417847976796e-05 0 0 -5.1052045155391011e-17
d 2.0500000000000007 2.0500000000000007 0 0 0 -1.9445543840981327e-05 0.05 0.05 1.9445543833406559e-05 0 0 -5.0868909787384465e-17
d 2.1000000000000005 2.1000000000000005 0 0 0 -1.9959084255113191e-05 0.05 0.05 1.9959084247809111e-05 0 0 -5.0917783658379613e-17
d 2.1500000000000004 2.1500000000000004 0 0 0 -2.0469132856162056e-05 0.05 0.05 2.0469132849003665e-05 0 0 -5.1137843262234142e-17
d 2.2000000000000002 2.2000000000000002 0 0 0 -2.097577991946088e-05 0.05 0.05 2.0975779912530437e-05 0 0 -5.1098023487386977e-17
d 2.25 2.25 0 0 0 -2.1479112353017574e-05 0.05 0.05 2.1479112346262903e-05 0 0 -5.1029033016179407e-17
d 2.2999999999999998 2.2999999999999998 0 0 0 -2.1979213819787624e-05 0.05 0.05 2.1979213813274822e-05 0 0 -5.1098513661471025e-17
d 2.3499999999999996 2.3499999999999996 0 0 0 -2.2476164846992234e-05 0.05 0.05 2.2476164840684284e-05 0 0 -5.1060130271206859e-17
d 2.3999999999999995 2.3999999999999995 0 0 0 -2.2970042890119975e-05 0.05 0.05 2.2970042883806049e-05 0 0 -5.1034257632246693e-17
d 2.4499999999999993 2.4499999999999993 0 0 0 -2.346092272050812e-05 0.05 0.05 2.3460922714515884e-05 0 0 -5.1016490384821903e-17
d 2.4999999999999991 2.4999999999999991 0 0 0 -2.3948876253005507e-05 0.05 0.05 2.3948876247283586e-05 0 0 -5.0961079898642827e-17
d 2.5499999999999989 2.5499999999999989 0 0 0 -2.4433972765502191e-05 0.05 0.05 2.4433972759854609e-05 0 0 -5.1173617871757385e-17
d 2.5999999999999988 2.5999999999999988 0 0 0 -2.4916279011900654e-05 0.05 0.05 2.4916279006368746e-05 0 0 -5.1056362457847451e-17
d 2.6499999999999986 2.6499999999999986 0 0 0 -2.539585931657893e-05 0.05 0.05 2.5395859311128212e-05 0 0 -5.1107364207138497e-17
d 2.6999999999999984 2.6999999999999984 0 0 0 -2.5872775705987696e-05 0.05 0.05 2.5872775700662773e-05 0 0 -5.1186705395278245e-17
d 2.7499999999999982 2.7499999999999982 0 0 0 -2.6347088011319726e-05 0.05 0.05 2.6347088006188414e-05 0 0 -5.1060077527160064e-17
d 2.799999999999998 2.799999999999998 0 0 0 -2.681885393834832e-05 0.05 0.05 2.6818853933396558e-05 0 0 -5.138499161570975e-17
d 2.8499999999999979 2.8499999999999979 0 0 0 -2.7288129172370757e-05 0.05 0.05 2.7288129167397041e-05 0 0 -5.1177733728415794e-17
d 2.8999999999999977 2.8999999999999977 0 0 0 -2.7754967466515919e-05 0.05 0.05 2.7754967461718955e-05 0 0 -5.1026841106385354e-17
d 2.9499999999999975 2.9499999999999975 0 0 0 -2.8219420723713442e-05 0.05 0.05 2.8219420719012263e-05 0 0 -5.1118012012560079e-17
d 3 3 0 0 0 -2.8681539065676515e-05 0.05 0.05 2.8681539061201447e-05 0 0 -5.1144854981224425e-17
Q 2 13 "Gate Voltage"
Q 3 13 "Source Voltage"
Q 4 13 "Drain Voltage"
Q 5 13 "Bulk Voltage"
Q 20 13 "Gate Current"
Q 21 13 "Source Current"
Q 22 13 "Drain Current"
Q 23 13 "Bulk Current"
Q 92 21 Contact
Q 601 13 "Gate Int. Voltage"
Q 602 13 "Source Int. Voltage"
Q 603 13 "Drain Int. Voltage"
Q 604 13 "Bulk Int. Voltage"
EOF 1370755920
