v VICTORYDEVICE
# silvaco.file ASCII version=1.14.29 format=1 contents=SDB,Tables=1

Copyright "###################################################################"
Copyright "#                    Copyright Silvaco Inc. (c)                   #"
Copyright "#                            1992-2014                            #"
Copyright "#                                                                 #"
Copyright "# This file format and the following Key are copyright Silvaco    #"
Copyright "# International. You may not use, this format or key without      #"
Copyright "# reproducing this message in full and obtaining                  #"
Copyright "# express written permission from Silvaco Inc.                    #"
Copyright "#                                                                 #"
Copyright "# To obtain such permission please contact: Silvaco Inc.          #"
Copyright "#                                           support@silvaco.com   #"
Copyright "#                                                                 #"
Copyright "# KEY=SVC86hn7562asdx                       PROD=345              #"
Copyright "###################################################################"
#This file was created by VICTORYDEVICE version 1.24.0.R
#victoryd 1.24.0.R (Wed Jun 26 14:34:23 PDT 2024)
#libSDB 1.12.65 (Thu Dec  7 08:14:05 PST 2023)
a VICTORYDEVICE
j 1 9
k 4
r 1 92
x 3 43 42 46
w gate 1 1
r 2 92
x 3 43 42 46
w source 1 2
r 3 92
x 3 43 42 46
w drain 1 3
r 4 92
x 3 43 42 46
w bulk 1 4
y 1 15
z 300
f 4 gate source drain bulk
p 12 2 601 20 3 602 21 4 603 22 5 604 23
d 0 0 0 0 0 -1.7873597466681008e-11 3 3 1.7873653191835512e-11 0 0 -5.7465089877268963e-16
d 0 0 0 0 0 -1.785876761894977e-11 2.98828125 2.98828125 2.7315014611805948e-11 0 0 -5.717312313289066e-16
d 0 0 0 0 0 -1.7843839160901608e-11 2.9765625 2.9765625 1.7844021266066661e-11 0 0 -5.7164090583197905e-16
d 0 0 0 0 0 -1.7814065763842807e-11 2.953125 2.953125 1.7813916557253994e-11 0 0 -5.6853156276785457e-16
d 0 0 0 0 0 -1.7754249626835145e-11 2.90625 2.90625 1.7753956073368215e-11 0 0 -5.6227754152189549e-16
d 0 0 0 0 0 -1.7633886404579223e-11 2.8125 2.8125 1.7633862430631004e-11 0 0 -5.5029037848743745e-16
d 0 0 0 0 0 -1.7390062727674948e-11 2.625 2.625 1.7391010188423287e-11 0 0 -5.2821145674570145e-16
d 0 0 0 0 0 -1.6888979034351881e-11 2.25 2.25 1.6890684130398778e-11 0 0 -4.7818727018753254e-16
d 0 0 0 0 0 -1.5815494992533668e-11 1.5 1.5 1.5815746859537414e-11 0 0 -3.6828676390823116e-16
d 0 0 0 0 0 -1.4579923602697983e-11 0.75 0.75 1.4580185578998327e-11 0 0 -2.3668623201390908e-16
d 0 0 0 0 0 1.8166254088304587e-17 0 0 1.8635094259133233e-17 0 0 5.5756294496943332e-20
d 0 0 0 0 0 1.0092702931886236e-18 0 0 1.005660236157546e-17 0 0 5.5068915163510909e-20
d 0 0 0 0 0 -4.9508412878927035e-12 0.0125 0.0125 4.950818482948139e-12 0 0 -1.5401929816832915e-17
d 0 0 0 0 0 -8.0277041878799362e-12 0.025 0.025 8.0277903524630622e-12 0 0 -2.7584936572915699e-17
d 0 0 0 0 0 -1.1144812720352712e-11 0.05 0.05 1.1144858397829677e-11 0 0 -4.6412988974692358e-17
d 0 0 0 0 0 -1.1144810170074983e-11 0.05 0.05 1.1144910817508938e-11 0 0 -4.6404640164934319e-17
d 0.05 0.05 0 0 0 -4.4658488007656633e-11 0.05 0.05 4.4658542293131369e-11 0 0 -4.6357462469781713e-17
d 0.1 0.1 0 0 0 -1.8106915432623496e-10 0.05 0.05 1.8106921876076287e-10 0 0 -4.6106790632122136e-17
d 0.15 0.15 0 0 0 -7.4121795034615856e-10 0.05 0.05 7.4121794131487666e-10 0 0 -4.6194629148374458e-17
d 0.2 0.2 0 0 0 -3.0496541286095049e-09 0.05 0.05 3.0496541287049281e-09 0 0 -4.5973032384519257e-17
d 0.25 0.25 0 0 0 -1.2448865280578007e-08 0.05 0.05 1.2448865330347709e-08 0 0 -4.588631786894136e-17
d 0.3 0.3 0 0 0 -4.8455970919644527e-08 0.05 0.05 4.8455970988189966e-08 0 0 -4.6152647934340731e-17
d 0.35 0.35 0 0 0 -1.6376119873321508e-07 0.05 0.05 1.637611988707799e-07 0 0 -4.6745729676599089e-17
d 0.4 0.4 0 0 0 -4.2928513442808387e-07 0.05 0.05 4.2928513449405836e-07 0 0 -4.7710571314606517e-17
d 0.45 0.45 0 0 0 -8.5555514271208601e-07 0.05 0.05 8.5555514281998266e-07 0 0 -4.8682672417037128e-17
d 0.5 0.5 0 0 0 -1.3899522570627223e-06 0.05 0.05 1.3899522570995583e-06 0 0 -4.9124699732088386e-17
d 0.55 0.55 0 0 0 -1.9820637756257804e-06 0.05 0.05 1.9820637756409228e-06 0 0 -4.9791554507116713e-17
d 0.6 0.6 0 0 0 -2.6027313411531128e-06 0.05 0.05 2.6027313410962481e-06 0 0 -4.9733080716693238e-17
d 0.65 0.65 0 0 0 -3.2366996082853956e-06 0.05 0.05 3.2366996083051992e-06 0 0 -4.9935593722245768e-17
d 0.7 0.7 0 0 0 -3.8758070179518361e-06 0.05 0.05 3.8758070180801251e-06 0 0 -5.0253527280057102e-17
d 0.75000000000000011 0.75000000000000011 0 0 0 -4.5154951719162743e-06 0.05 0.05 4.5154951715988656e-06 0 0 -5.0481598513547299e-17
d 0.8 0.8 0 0 0 -5.1531021144719436e-06 0.05 0.05 5.1531021142786498e-06 0 0 -5.0395435971971784e-17
d 0.8500000000000002 0.8500000000000002 0 0 0 -5.787040999155838e-06 0.05 0.05 5.787040999206172e-06 0 0 -5.0456065773326019e-17
d 0.90000000000000024 0.90000000000000024 0 0 0 -6.4163546479804758e-06 0.05 0.05 6.4163546483708394e-06 0 0 -5.0611477136899439e-17
d 0.95000000000000029 0.95000000000000029 0 0 0 -7.0404718548608527e-06 0.05 0.05 7.0404718556230857e-06 0 0 -5.0625220796034677e-17
d 1.0000000000000002 1.0000000000000002 0 0 0 -7.6590657355155034e-06 0.05 0.05 7.6590657365850841e-06 0 0 -5.0618628653382033e-17
d 1.0500000000000003 1.0500000000000003 0 0 0 -8.2719678975683232e-06 0.05 0.05 8.2719678991850651e-06 0 0 -5.0668864774575712e-17
d 1.1000000000000003 1.1000000000000003 0 0 0 -8.8791146311176618e-06 0.05 0.05 8.8791146329912953e-06 0 0 -5.0825604069583374e-17
d 1.1500000000000004 1.1500000000000004 0 0 0 -9.4805123096020157e-06 0.05 0.05 9.4805123120084346e-06 0 0 -5.0729027640963777e-17
d 1.2000000000000004 1.2000000000000004 0 0 0 -1.0076214025260066e-05 0.05 0.05 1.0076214028068759e-05 0 0 -5.0876306383502653e-17
d 1.2500000000000004 1.2500000000000004 0 0 0 -1.066630480688945e-05 0.05 0.05 1.0666304810056519e-05 0 0 -5.0983053253980536e-17
d 1.3000000000000005 1.3000000000000005 0 0 0 -1.1250890313506821e-05 0.05 0.05 1.1250890317203426e-05 0 0 -5.0914744339054222e-17
d 1.3500000000000005 1.3500000000000005 0 0 0 -1.1830089608958959e-05 0.05 0.05 1.1830089613088031e-05 0 0 -5.0812701486075883e-17
d 1.4000000000000006 1.4000000000000006 0 0 0 -1.2404029921793821e-05 0.05 0.05 1.2404029926460846e-05 0 0 -5.0899489415231196e-17
d 1.4500000000000006 1.4500000000000006 0 0 0 -1.2972842830670797e-05 0.05 0.05 1.2972842838428675e-05 0 0 -5.1004026510187631e-17
d 1.5000000000000007 1.5000000000000007 0 0 0 -1.3536662161238185e-05 0.05 0.05 1.353666217003485e-05 0 0 -5.0968144184041637e-17
d 1.5500000000000007 1.5500000000000007 0 0 0 -1.4095621451689042e-05 0.05 0.05 1.4095621446948509e-05 0 0 -5.0789581122162973e-17
d 1.6000000000000008 1.6000000000000008 0 0 0 -1.4649852732329808e-05 0.05 0.05 1.4649852728429822e-05 0 0 -5.0850500985396213e-17
d 1.6500000000000008 1.6500000000000008 0 0 0 -1.5199486404376162e-05 0.05 0.05 1.5199486401304877e-05 0 0 -5.0811798043679876e-17
d 1.7000000000000008 1.7000000000000008 0 0 0 -1.5744649153044849e-05 0.05 0.05 1.5744649143333874e-05 0 0 -5.085342472220698e-17
d 1.7500000000000009 1.7500000000000009 0 0 0 -1.628546514380017e-05 0.05 0.05 1.6285465134495418e-05 0 0 -5.089592901674124e-17
d 1.8000000000000009 1.8000000000000009 0 0 0 -1.6822054623887047e-05 0.05 0.05 1.682205461498672e-05 0 0 -5.0894411508929738e-17
d 1.850000000000001 1.850000000000001 0 0 0 -1.7354534012364886e-05 0.05 0.05 1.7354534003733709e-05 0 0 -5.0911398513864588e-17
d 1.900000000000001 1.900000000000001 0 0 0 -1.7883015873887957e-05 0.05 0.05 1.7883015865604943e-05 0 0 -5.0972076503325437e-17
d 1.9500000000000011 1.9500000000000011 0 0 0 -1.8407608901571368e-05 0.05 0.05 1.8407608893531439e-05 0 0 -5.0941733365263468e-17
d 2.0000000000000009 2.0000000000000009 0 0 0 -1.8928417855797878e-05 0.05 0.05 1.8928417847976796e-05 0 0 -5.1052045155391011e-17
d 2.0500000000000007 2.0500000000000007 0 0 0 -1.9445543840981296e-05 0.05 0.05 1.9445543833406559e-05 0 0 -5.0868909787384465e-17
d 2.1000000000000005 2.1000000000000005 0 0 0 -1.9959084255104585e-05 0.05 0.05 1.9959084247809029e-05 0 0 -5.0917783658379613e-17
d 2.1500000000000004 2.1500000000000004 0 0 0 -2.0469132856162083e-05 0.05 0.05 2.0469132849003665e-05 0 0 -5.1137843262234142e-17
d 2.2000000000000002 2.2000000000000002 0 0 0 -2.097577991946088e-05 0.05 0.05 2.097577991253046e-05 0 0 -5.1098023487386977e-17
d 2.25 2.25 0 0 0 -2.1479112352984608e-05 0.05 0.05 2.1479112346262903e-05 0 0 -5.1029033016179407e-17
d 2.2999999999999998 2.2999999999999998 0 0 0 -2.1979213819773435e-05 0.05 0.05 2.1979213813274957e-05 0 0 -5.1098513661471025e-17
d 2.3499999999999996 2.3499999999999996 0 0 0 -2.2476164846996964e-05 0.05 0.05 2.2476164840684284e-05 0 0 -5.1060130271206859e-17
d 2.3999999999999995 2.3999999999999995 0 0 0 -2.2970042890073697e-05 0.05 0.05 2.2970042883806049e-05 0 0 -5.1034257632246693e-17
d 2.4499999999999993 2.4499999999999993 0 0 0 -2.3460922720536913e-05 0.05 0.05 2.3460922714515884e-05 0 0 -5.1016490384821903e-17
d 2.4999999999999991 2.4999999999999991 0 0 0 -2.3948876252990081e-05 0.05 0.05 2.3948876247283556e-05 0 0 -5.0961079898642827e-17
d 2.5499999999999989 2.5499999999999989 0 0 0 -2.4433972765502276e-05 0.05 0.05 2.4433972759854609e-05 0 0 -5.1173617871757385e-17
d 2.5999999999999988 2.5999999999999988 0 0 0 -2.4916279011900654e-05 0.05 0.05 2.4916279006368614e-05 0 0 -5.1056362457847451e-17
d 2.6499999999999986 2.6499999999999986 0 0 0 -2.5395859316593102e-05 0.05 0.05 2.5395859311128212e-05 0 0 -5.1107364207138497e-17
d 2.6999999999999984 2.6999999999999984 0 0 0 -2.5872775705991986e-05 0.05 0.05 2.5872775700675645e-05 0 0 -5.1186705395278245e-17
d 2.7499999999999982 2.7499999999999982 0 0 0 -2.6347088011269893e-05 0.05 0.05 2.6347088006188332e-05 0 0 -5.1060077527160064e-17
d 2.799999999999998 2.799999999999998 0 0 0 -2.6818853938350902e-05 0.05 0.05 2.6818853933396538e-05 0 0 -5.138499161570975e-17
d 2.8499999999999979 2.8499999999999979 0 0 0 -2.7288129172338062e-05 0.05 0.05 2.7288129167458749e-05 0 0 -5.1177733728415794e-17
d 2.8999999999999977 2.8999999999999977 0 0 0 -2.7754967466491484e-05 0.05 0.05 2.7754967461694438e-05 0 0 -5.1026841106385354e-17
d 2.9499999999999975 2.9499999999999975 0 0 0 -2.8219420723692164e-05 0.05 0.05 2.8219420719012263e-05 0 0 -5.1118012012560079e-17
d 3 3 0 0 0 -2.8681539065667906e-05 0.05 0.05 2.8681539061201447e-05 0 0 -5.1143779770222298e-17
d 0 0 0 0 0 -1.1144822155320543e-11 0.05 0.05 1.1144919409534904e-11 0 0 -4.6403513163062251e-17
d 0 0 0 0 0 -9.9450620950064912e-12 0.037500000000000006 0.037500000000000006 9.9451007657941569e-12 0 0 -3.7820504839199954e-17
d 0 0 0 0 0 -8.0277628084321222e-12 0.025 0.025 8.0278148724420359e-12 0 0 -2.7580408112579592e-17
d 0 0 0 0 0 -1.0228043610320672e-18 0 0 -5.339118445498039e-18 0 0 5.2838670473909404e-20
d 0 0 0 0 0 3.2473713001861243e-16 0 0 3.247777322221405e-16 -0.5 -0.5 2.9959120940015465e-14
d 0 0 0 0 0 -4.541112455859245e-14 0.0125 0.0125 4.602021633152584e-14 -0.5 -0.5 -5.4534278912477184e-16
d 0 0 0 0 0 -7.3876637768382874e-14 0.025 0.025 7.4440474857654649e-14 -0.5 -0.5 -5.4981664634760827e-16
d 0 0 0 0 0 -1.0270520529789003e-13 0.05 0.05 1.0327677140957171e-13 -0.5 -0.5 -5.5811780577113972e-16
d 0 0 0 0 0 -1.0269892056707404e-13 0.05 0.05 1.0327077878679207e-13 -0.5 -0.5 -5.5806036555781969e-16
d 0.05 0.05 0 0 0 -4.5788121324746427e-13 0.05 0.05 4.5846536481400365e-13 -0.5 -0.5 -5.5914472671051657e-16
d 0.1 0.1 0 0 0 -2.0503614819122974e-12 0.05 0.05 2.0509001656769634e-12 -0.5 -0.5 -5.5802626809916648e-16
d 0.15 0.15 0 0 0 -9.227958619234805e-12 0.05 0.05 9.2284895284050451e-12 -0.5 -0.5 -5.570646678556447e-16
d 0.2 0.2 0 0 0 -4.1731685397707855e-11 0.05 0.05 4.1732287721751121e-11 -0.5 -0.5 -5.5564950225704727e-16
d 0.25 0.25 0 0 0 -1.8946762556161413e-10 0.05 0.05 1.8946829828070499e-10 -0.5 -0.5 -5.5493499428469654e-16
d 0.3 0.3 0 0 0 -8.6190756515991013e-10 0.05 0.05 8.6190812493691103e-10 -0.5 -0.5 -5.5371439739685227e-16
d 0.35 0.35 0 0 0 -3.906293649782567e-09 0.05 0.05 3.9062941402845328e-09 -0.5 -0.5 -5.5288058100742726e-16
d 0.4 0.4 0 0 0 -1.7301841992266742e-08 0.05 0.05 1.730184255892471e-08 -0.5 -0.5 -5.5208994021627586e-16
d 0.45 0.45 0 0 0 -7.0526828994541066e-08 0.05 0.05 7.0526829511514497e-08 -0.5 -0.5 -5.5187382002365413e-16
d 0.5 0.5 0 0 0 -2.3370820762984727e-07 0.05 0.05 2.337082081297595e-07 -0.5 -0.5 -5.5164248048174914e-16
d 0.55 0.55 0 0 0 -5.69009893683785e-07 0.05 0.05 5.6900989426170245e-07 -0.5 -0.5 -5.5167094514141789e-16
d 0.6 0.6 0 0 0 -1.0503875907104468e-06 0.05 0.05 1.0503875913670157e-06 -0.5 -0.5 -5.5179166780459294e-16
d 0.65 0.65 0 0 0 -1.6140580860691763e-06 0.05 0.05 1.6140580865754745e-06 -0.5 -0.5 -5.5182268630939183e-16
d 0.7 0.7 0 0 0 -2.2172912828639087e-06 0.05 0.05 2.2172912832476519e-06 -0.5 -0.5 -5.5156107425412643e-16
d 0.75000000000000011 0.75000000000000011 0 0 0 -2.8384377444267978e-06 0.05 0.05 2.8384377448642073e-06 -0.5 -0.5 -5.5198297245154294e-16
d 0.8 0.8 0 0 0 -3.466694318814355e-06 0.05 0.05 3.4666943198664952e-06 -0.5 -0.5 -5.5185279965178602e-16
d 0.8500000000000002 0.8500000000000002 0 0 0 -4.09641380102948e-06 0.05 0.05 4.096413801034569e-06 -0.5 -0.5 -5.5159188209671765e-16
d 0.90000000000000024 0.90000000000000024 0 0 0 -4.7244706109537923e-06 0.05 0.05 4.724470610877799e-06 -0.5 -0.5 -5.5184999357327177e-16
d 0.95000000000000029 0.95000000000000029 0 0 0 -5.3490835961305392e-06 0.05 0.05 5.3490835961918982e-06 -0.5 -0.5 -5.5150615725307299e-16
d 1.0000000000000002 1.0000000000000002 0 0 0 -5.9692174615138848e-06 0.05 0.05 5.9692174618837511e-06 -0.5 -0.5 -5.5192658565858339e-16
d 1.0500000000000003 1.0500000000000003 0 0 0 -6.5842743311192588e-06 0.05 0.05 6.5842743318623727e-06 -0.5 -0.5 -5.5160483820504399e-16
d 1.1000000000000003 1.1000000000000003 0 0 0 -7.1939231631250696e-06 0.05 0.05 7.1939231643918633e-06 -0.5 -0.5 -5.5173228194677321e-16
d 1.1500000000000004 1.1500000000000004 0 0 0 -7.7980005996171125e-06 0.05 0.05 7.7980006012079319e-06 -0.5 -0.5 -5.5188458312333005e-16
d 1.2000000000000004 1.2000000000000004 0 0 0 -8.3964509917588684e-06 0.05 0.05 8.3964509936525749e-06 -0.5 -0.5 -5.5134502911644106e-16
d 1.2500000000000004 1.2500000000000004 0 0 0 -8.9892887456222048e-06 0.05 0.05 8.9892887480089725e-06 -0.5 -0.5 -5.5187075456061039e-16
d 1.3000000000000005 1.3000000000000005 0 0 0 -9.576574277898118e-06 0.05 0.05 9.5765742805931143e-06 -0.5 -0.5 -5.514798363001021e-16
d 1.3500000000000005 1.3500000000000005 0 0 0 -1.0158398151109743e-05 0.05 0.05 1.0158398154319871e-05 -0.5 -0.5 -5.5147965592860791e-16
d 1.4000000000000006 1.4000000000000006 0 0 0 -1.0734870068356066e-05 0.05 0.05 1.0734870072077414e-05 -0.5 -0.5 -5.5201245547115252e-16
d 1.4500000000000006 1.4500000000000006 0 0 0 -1.1306111771024e-05 0.05 0.05 1.1306111777509125e-05 -0.5 -0.5 -5.5146992754676681e-16
d 1.5000000000000007 1.5000000000000007 0 0 0 -1.1872251747550792e-05 0.05 0.05 1.1872251754908389e-05 -0.5 -0.5 -5.5143014414984533e-16
d 1.5500000000000007 1.5500000000000007 0 0 0 -1.2433422071514016e-05 0.05 0.05 1.2433422067862654e-05 -0.5 -0.5 -5.5102835300493449e-16
d 1.6000000000000008 1.6000000000000008 0 0 0 -1.2989755534641288e-05 0.05 0.05 1.2989755531655204e-05 -0.5 -0.5 -5.5151553466740091e-16
d 1.6500000000000008 1.6500000000000008 0 0 0 -1.3541384718111805e-05 0.05 0.05 1.3541384712962507e-05 -0.5 -0.5 -5.5161900894759778e-16
d 1.7000000000000008 1.7000000000000008 0 0 0 -1.4088439567774564e-05 0.05 0.05 1.4088439560190048e-05 -0.5 -0.5 -5.5171523818472711e-16
d 1.7500000000000009 1.7500000000000009 0 0 0 -1.4631048077676119e-05 0.05 0.05 1.4631048070481478e-05 -0.5 -0.5 -5.5136330367144301e-16
d 1.8000000000000009 1.8000000000000009 0 0 0 -1.5169334626145595e-05 0.05 0.05 1.5169334619058278e-05 -0.5 -0.5 -5.5163478171634989e-16
d 1.850000000000001 1.850000000000001 0 0 0 -1.5703419974078316e-05 0.05 0.05 1.5703419967312847e-05 -0.5 -0.5 -5.5122216896829568e-16
d 1.900000000000001 1.900000000000001 0 0 0 -1.6233421065789808e-05 0.05 0.05 1.6233421059183876e-05 -0.5 -0.5 -5.5172481383893849e-16
d 1.9500000000000011 1.9500000000000011 0 0 0 -1.675945093582832e-05 0.05 0.05 1.6759450929396873e-05 -0.5 -0.5 -5.5133238488943128e-16
d 2.0000000000000009 2.0000000000000009 0 0 0 -1.7281618610086021e-05 0.05 0.05 1.7281618603870286e-05 -0.5 -0.5 -5.5128463991486782e-16
d 2.0500000000000007 2.0500000000000007 0 0 0 -1.7800029192799415e-05 0.05 0.05 1.7800029186833095e-05 -0.5 -0.5 -5.5163044671505389e-16
d 2.1000000000000005 2.1000000000000005 0 0 0 -1.8314784050942394e-05 0.05 0.05 1.8314784045041328e-05 -0.5 -0.5 -5.5158883417938386e-16
d 2.1500000000000004 2.1500000000000004 0 0 0 -1.88259806840521e-05 0.05 0.05 1.8825980678355735e-05 -0.5 -0.5 -5.5161527437742529e-16
d 2.2000000000000002 2.2000000000000002 0 0 0 -1.9333712920619897e-05 0.05 0.05 1.9333712915148471e-05 -0.5 -0.5 -5.513855845772792e-16
d 2.25 2.25 0 0 0 -1.9838071042213337e-05 0.05 0.05 1.9838071036789554e-05 -0.5 -0.5 -5.5138355840488198e-16
d 2.2999999999999998 2.2999999999999998 0 0 0 -2.0339141891427003e-05 0.05 0.05 2.0339141886075219e-05 -0.5 -0.5 -5.5110523989189802e-16
d 2.3499999999999996 2.3499999999999996 0 0 0 -2.0837008996595499e-05 0.05 0.05 2.0837008991522395e-05 -0.5 -0.5 -5.5088012792935586e-16
d 2.3999999999999995 2.3999999999999995 0 0 0 -2.1331752654621319e-05 0.05 0.05 2.1331752649608199e-05 -0.5 -0.5 -5.5162363616361541e-16
d 2.4499999999999993 2.4499999999999993 0 0 0 -2.1823450292794782e-05 0.05 0.05 2.182345028788031e-05 -0.5 -0.5 -5.5134624066556477e-16
d 2.4999999999999991 2.4999999999999991 0 0 0 -2.231217633394956e-05 0.05 0.05 2.2312176329274884e-05 -0.5 -0.5 -5.5134761261788502e-16
d 2.5499999999999989 2.5499999999999989 0 0 0 -2.2798002414836171e-05 0.05 0.05 2.2798002410158703e-05 -0.5 -0.5 -5.5147366709809755e-16
d 2.5999999999999988 2.5999999999999988 0 0 0 -2.3280997511533671e-05 0.05 0.05 2.3280997507024572e-05 -0.5 -0.5 -5.5170840911265241e-16
d 2.6499999999999986 2.6499999999999986 0 0 0 -2.3761228044611279e-05 0.05 0.05 2.3761228040203171e-05 -0.5 -0.5 -5.5142435478309293e-16
d 2.6999999999999984 2.6999999999999984 0 0 0 -2.423875798552145e-05 0.05 0.05 2.4238757981205366e-05 -0.5 -0.5 -5.5123711410046762e-16
d 2.7499999999999982 2.7499999999999982 0 0 0 -2.4713649019773138e-05 0.05 0.05 2.4713649015614518e-05 -0.5 -0.5 -5.5154625533995156e-16
d 2.799999999999998 2.799999999999998 0 0 0 -2.5185960584258885e-05 0.05 0.05 2.5185960580299107e-05 -0.5 -0.5 -5.5159455322292803e-16
d 2.8499999999999979 2.8499999999999979 0 0 0 -2.5655750012311193e-05 0.05 0.05 2.5655750008360963e-05 -0.5 -0.5 -5.5130583969069488e-16
d 2.8999999999999977 2.8999999999999977 0 0 0 -2.6123072590834813e-05 0.05 0.05 2.6123072586967568e-05 -0.5 -0.5 -5.5123900035073529e-16
d 2.9499999999999975 2.9499999999999975 0 0 0 -2.6587981676185163e-05 0.05 0.05 2.6587981672421098e-05 -0.5 -0.5 -5.5132883465476453e-16
d 3 3 0 0 0 -2.7050528747998243e-05 0.05 0.05 2.7050528744367626e-05 -0.5 -0.5 -5.513983151574419e-16
d 0 0 0 0 0 -1.0265035109484667e-13 0.05 0.05 1.0326589497444954e-13 -0.5 -0.5 -5.5805275925811947e-16
d 0 0 0 0 0 -9.1627035561521473e-14 0.037500000000000006 0.037500000000000006 9.2149119744072745e-14 -0.5 -0.5 -5.5379735558835527e-16
d 0 0 0 0 0 -7.3915677534303195e-14 0.025 0.025 7.4486608589541388e-14 -0.5 -0.5 -5.4981689107590382e-16
d 0 0 0 0 0 3.2480480035782326e-16 0 0 3.2223246530774126e-16 -0.5 -0.5 -5.4094580918797539e-16
d 0 0 0 0 0 4.3784986215293648e-16 0 0 4.5739004621486129e-16 -1 -1 2.812326985566536e-14
d 0 0 0 0 0 -5.1651163433521813e-16 0.0125 0.0125 1.3869962660264125e-15 -1 -1 -8.9503738212536712e-16
d 0 0 0 0 0 -1.1226540165718301e-15 0.025 0.025 2.0433306545291324e-15 -1 -1 -8.9785779428310447e-16
d 0 0 0 0 0 -1.7176653611285204e-15 0.05 0.05 2.5908020027787427e-15 -1 -1 -9.0374221490724195e-16
d 0 0 0 0 0 -1.6832543894339161e-15 0.05 0.05 2.6285864353403953e-15 -1 -1 -9.0372703459952287e-16
d 0.05 0.05 0 0 0 -9.7610916723564426e-15 0.05 0.05 1.0649584749171232e-14 -1 -1 -9.1073179836843723e-16
d 0.1 0.1 0 0 0 -4.7990508147202432e-14 0.05 0.05 4.8840164018191996e-14 -1 -1 -9.1490411932787629e-16
d 0.15 0.15 0 0 0 -2.2988155305465639e-13 0.05 0.05 2.308016731568507e-13 -1 -1 -9.1621914403011532e-16
d 0.2 0.2 0 0 0 -1.0978581578247973e-12 0.05 0.05 1.0988366525516319e-12 -1 -1 -9.1492102916170995e-16
d 0.25 0.25 0 0 0 -5.2509655219120496e-12 0.05 0.05 5.2519229531488801e-12 -1 -1 -9.1314186980162687e-16
d 0.3 0.3 0 0 0 -2.5164819196956476e-11 0.05 0.05 2.5165728080077237e-11 -1 -1 -9.1220178629306844e-16
d 0.35 0.35 0 0 0 -1.2077956635999995e-10 0.05 0.05 1.2078055012572969e-10 -1 -1 -9.1091509856943301e-16
d 0.4 0.4 0 0 0 -5.7961760476756565e-10 0.05 0.05 5.7961846420540017e-10 -1 -1 -9.0942178535162032e-16
d 0.45 0.45 0 0 0 -2.7679944103122235e-09 0.05 0.05 2.7679952470449358e-09 -1 -1 -9.0865842840955262e-16
d 0.5 0.5 0 0 0 -1.2940710236502946e-08 0.05 0.05 1.2940711147275437e-08 -1 -1 -9.0794794885598096e-16
d 0.55 0.55 0 0 0 -5.6121422445249611e-08 0.05 0.05 5.6121423314377439e-08 -1 -1 -9.0740413516418262e-16
d 0.6 0.6 0 0 0 -1.9951484016196855e-07 0.05 0.05 1.9951484109389861e-07 -1 -1 -9.0697777804848138e-16
d 0.65 0.65 0 0 0 -5.1530708109797262e-07 0.05 0.05 5.1530708202110089e-07 -1 -1 -9.0669126439699444e-16
d 0.7 0.7 0 0 0 -9.8525527046867462e-07 0.05 0.05 9.852552713865208e-07 -1 -1 -9.066993977475927e-16
d 0.75000000000000011 0.75000000000000011 0 0 0 -1.5416853636935859e-06 0.05 0.05 1.5416853645278928e-06 -1 -1 -9.0619134455423501e-16
d 0.8 0.8 0 0 0 -2.1382475686201462e-06 0.05 0.05 2.1382475693976513e-06 -1 -1 -9.0650558345532832e-16
d 0.8500000000000002 0.8500000000000002 0 0 0 -2.7521719258048912e-06 0.05 0.05 2.7521719266767828e-06 -1 -1 -9.0656886017495876e-16
d 0.90000000000000024 0.90000000000000024 0 0 0 -3.372528866335834e-06 0.05 0.05 3.3725288679886002e-06 -1 -1 -9.0654149691013307e-16
d 0.95000000000000029 0.95000000000000029 0 0 0 -3.9938027393487553e-06 0.05 0.05 3.9938027396191409e-06 -1 -1 -9.0653621741957763e-16
d 1.0000000000000002 1.0000000000000002 0 0 0 -4.6130326468128634e-06 0.05 0.05 4.6130326470134239e-06 -1 -1 -9.065108592652487e-16
d 1.0500000000000003 1.0500000000000003 0 0 0 -5.2285801493330721e-06 0.05 0.05 5.2285801496527821e-06 -1 -1 -9.0653053446882097e-16
d 1.1000000000000003 1.1000000000000003 0 0 0 -5.8395216225330696e-06 0.05 0.05 5.8395216232402041e-06 -1 -1 -9.0657465314557971e-16
d 1.1500000000000004 1.1500000000000004 0 0 0 -6.4453434684841857e-06 0.05 0.05 6.4453434694203477e-06 -1 -1 -9.062741647689575e-16
d 1.2000000000000004 1.2000000000000004 0 0 0 -7.0457772093474014e-06 0.05 0.05 7.0457772107461298e-06 -1 -1 -9.06382489138081e-16
d 1.2500000000000004 1.2500000000000004 0 0 0 -7.6407055496693713e-06 0.05 0.05 7.6407055514919592e-06 -1 -1 -9.0644800627660348e-16
d 1.3000000000000005 1.3000000000000005 0 0 0 -8.2301064579688043e-06 0.05 0.05 8.2301064600448804e-06 -1 -1 -9.0616316003020957e-16
d 1.3500000000000005 1.3500000000000005 0 0 0 -8.814018506866811e-06 0.05 0.05 8.8140185094305578e-06 -1 -1 -9.0655263751093482e-16
d 1.4000000000000006 1.4000000000000006 0 0 0 -9.392519568037361e-06 0.05 0.05 9.3925195709267819e-06 -1 -1 -9.0636942782144887e-16
d 1.4500000000000006 1.4500000000000006 0 0 0 -9.9657120316862892e-06 0.05 0.05 9.9657120372076955e-06 -1 -1 -9.0613150799940035e-16
d 1.5000000000000007 1.5000000000000007 0 0 0 -1.0533713557572003e-05 0.05 0.05 1.0533713563850234e-05 -1 -1 -9.0643835866682989e-16
d 1.5500000000000007 1.5500000000000007 0 0 0 -1.1096650651138755e-05 0.05 0.05 1.1096650648145901e-05 -1 -1 -9.0634001280563198e-16
d 1.6000000000000008 1.6000000000000008 0 0 0 -1.1654654105255188e-05 0.05 0.05 1.1654654102935494e-05 -1 -1 -9.062104222317732e-16
d 1.6500000000000008 1.6500000000000008 0 0 0 -1.2207857119538432e-05 0.05 0.05 1.2207857115530848e-05 -1 -1 -9.0643911333099491e-16
d 1.7000000000000008 1.7000000000000008 0 0 0 -1.2756391793077358e-05 0.05 0.05 1.2756391787163816e-05 -1 -1 -9.0626385014167582e-16
d 1.7500000000000009 1.7500000000000009 0 0 0 -1.3300389086722972e-05 0.05 0.05 1.3300389081060279e-05 -1 -1 -9.0630866864895024e-16
d 1.8000000000000009 1.8000000000000009 0 0 0 -1.3839977035667338e-05 0.05 0.05 1.3839977030230921e-05 -1 -1 -9.0598362290279624e-16
d 1.850000000000001 1.850000000000001 0 0 0 -1.4375280357846068e-05 0.05 0.05 1.4375280352455046e-05 -1 -1 -9.064216610243236e-16
d 1.900000000000001 1.900000000000001 0 0 0 -1.4906420100832877e-05 0.05 0.05 1.4906420095506812e-05 -1 -1 -9.0630773462734994e-16
d 1.9500000000000011 1.9500000000000011 0 0 0 -1.5433513404849066e-05 0.05 0.05 1.5433513399744375e-05 -1 -1 -9.0601066621952392e-16
d 2.0000000000000009 2.0000000000000009 0 0 0 -1.5956673378996593e-05 0.05 0.05 1.5956673373911722e-05 -1 -1 -9.0632140428061373e-16
d 2.0500000000000007 2.0500000000000007 0 0 0 -1.6476009024975452e-05 0.05 0.05 1.6476009020061864e-05 -1 -1 -9.059927947770786e-16
d 2.1000000000000005 2.1000000000000005 0 0 0 -1.6991625488514147e-05 0.05 0.05 1.6991625483625425e-05 -1 -1 -9.0587695823204043e-16
d 2.1500000000000004 2.1500000000000004 0 0 0 -1.7503623871564423e-05 0.05 0.05 1.7503623866877309e-05 -1 -1 -9.0637323981265952e-16
d 2.2000000000000002 2.2000000000000002 0 0 0 -1.8012101427124234e-05 0.05 0.05 1.8012101422627261e-05 -1 -1 -9.0641079718510164e-16
d 2.25 2.25 0 0 0 -1.8517151666669941e-05 0.05 0.05 1.8517151662223357e-05 -1 -1 -9.0631425917124103e-16
d 2.2999999999999998 2.2999999999999998 0 0 0 -1.9018864487394206e-05 0.05 0.05 1.9018864483044577e-05 -1 -1 -9.0591647870713407e-16
d 2.3499999999999996 2.3499999999999996 0 0 0 -1.951732628990213e-05 0.05 0.05 1.9517326285759373e-05 -1 -1 -9.0631234791414044e-16
d 2.3999999999999995 2.3999999999999995 0 0 0 -2.0012620082012657e-05 0.05 0.05 2.0012620077865496e-05 -1 -1 -9.0600492065923965e-16
d 2.4499999999999993 2.4499999999999993 0 0 0 -2.0504825815227482e-05 0.05 0.05 2.050482581116334e-05 -1 -1 -9.0619454101929606e-16
d 2.4999999999999991 2.4999999999999991 0 0 0 -2.0994020289813459e-05 0.05 0.05 2.099402028589398e-05 -1 -1 -9.0629145293860638e-16
d 2.5499999999999989 2.5499999999999989 0 0 0 -2.1480277371607278e-05 0.05 0.05 2.1480277367842826e-05 -1 -1 -9.0625856571274324e-16
d 2.5999999999999988 2.5999999999999988 0 0 0 -2.1963668122259665e-05 0.05 0.05 2.1963668118487245e-05 -1 -1 -9.0612563238265161e-16
d 2.6499999999999986 2.6499999999999986 0 0 0 -2.2444260924553272e-05 0.05 0.05 2.244426092099423e-05 -1 -1 -9.0622788534772646e-16
d 2.6999999999999984 2.6999999999999984 0 0 0 -2.2922121576408566e-05 0.05 0.05 2.2922121572977646e-05 -1 -1 -9.0601734386441221e-16
d 2.7499999999999982 2.7499999999999982 0 0 0 -2.3397313486851359e-05 0.05 0.05 2.3397313483528503e-05 -1 -1 -9.0576398482362473e-16
d 2.799999999999998 2.799999999999998 0 0 0 -2.3869897700982324e-05 0.05 0.05 2.3869897697655883e-05 -1 -1 -9.0598948490710537e-16
d 2.8499999999999979 2.8499999999999979 0 0 0 -2.4339933064211851e-05 0.05 0.05 2.4339933060897221e-05 -1 -1 -9.063169549279526e-16
d 2.8999999999999977 2.8999999999999977 0 0 0 -2.4807476288646243e-05 0.05 0.05 2.4807476285502735e-05 -1 -1 -9.05914620006014e-16
d 2.9499999999999975 2.9499999999999975 0 0 0 -2.5272582056378859e-05 0.05 0.05 2.5272582053409937e-05 -1 -1 -9.0634464546490177e-16
d 3 3 0 0 0 -2.5735303108166296e-05 0.05 0.05 2.5735303105270907e-05 -1 -1 -9.0607201638100789e-16
d 0 0 0 0 0 -1.6827934544399743e-15 0.05 0.05 2.5547451638531446e-15 -1 -1 -9.0372372914383106e-16
d 0 0 0 0 0 -1.4496375045888744e-15 0.037500000000000006 0.037500000000000006 2.3690158141019299e-15 -1 -1 -9.0129893090768413e-16
d 0 0 0 0 0 -1.0769006504050401e-15 0.025 0.025 2.0344822414260442e-15 -1 -1 -8.978626904249551e-16
d 0 0 0 0 0 5.1937241650084027e-16 0 0 4.7359452925729204e-16 -1 -1 -8.9217123657313225e-16
d 0 0 0 0 0 6.1771917948494478e-16 0 0 6.1767857728141007e-16 -1.5 -1.5 1.3490763940910031e-14
d 0 0 0 0 0 5.598541317972942e-16 0.0125 0.0125 5.9059431895965064e-16 -1.5 -1.5 -1.1787187457897115e-15
d 0 0 0 0 0 5.3656343916589472e-16 0.025 0.025 6.8222122735939555e-16 -1.5 -1.5 -1.1800059786919855e-15
d 0 0 0 0 0 5.089465019297755e-16 0.05 0.05 6.5499107062542275e-16 -1.5 -1.5 -1.1849593476074527e-15
d 0 0 0 0 0 5.3932265808109316e-16 0.05 0.05 6.8382202753687941e-16 -1.5 -1.5 -1.1848571848670848e-15
d 0.05 0.05 0 0 0 2.2960550235085058e-16 0.05 0.05 9.3474854754021782e-16 -1.5 -1.5 -1.1929606841723266e-15
d 0.1 0.1 0 0 0 -1.2396336056070974e-15 0.05 0.05 2.430066058834757e-15 -1.5 -1.5 -1.2000687684814114e-15
d 0.15 0.15 0 0 0 -8.47994637111619e-15 0.05 0.05 9.6925119662474753e-15 -1.5 -1.5 -1.205523418784366e-15
d 0.2 0.2 0 0 0 -4.4346897004394004e-14 0.05 0.05 4.5525177750423064e-14 -1.5 -1.5 -1.2090319926942028e-15
d 0.25 0.25 0 0 0 -2.2173492582583672e-13 0.05 0.05 2.2292797475423013e-13 -1.5 -1.5 -1.2091161430803018e-15
d 0.3 0.3 0 0 0 -1.1016653370155474e-12 0.05 0.05 1.1028681948827525e-12 -1.5 -1.5 -1.2083869960559379e-15
d 0.35 0.35 0 0 0 -5.4704543425006793e-12 0.05 0.05 5.4716337191152823e-12 -1.5 -1.5 -1.2068178623855603e-15
d 0.4 0.4 0 0 0 -2.7178905398438646e-11 0.05 0.05 2.718016818369808e-11 -1.5 -1.5 -1.2053999047791699e-15
d 0.45 0.45 0 0 0 -1.3502821145829867e-10 0.05 0.05 1.3502948980641143e-10 -1.5 -1.5 -1.2045071392609096e-15
d 0.5 0.5 0 0 0 -6.6954536312199929e-10 0.05 0.05 6.6954651898464752e-10 -1.5 -1.5 -1.202959598766955e-15
d 0.55 0.55 0 0 0 -3.2942595089396953e-09 0.05 0.05 3.2942607483519109e-09 -1.5 -1.5 -1.2017424834161267e-15
d 0.6 0.6 0 0 0 -1.5759074386691067e-08 0.05 0.05 1.5759075522793268e-08 -1.5 -1.5 -1.1998644254557458e-15
d 0.65 0.65 0 0 0 -6.8654802585621928e-08 0.05 0.05 6.8654803788649575e-08 -1.5 -1.5 -1.1989125174675947e-15
d 0.7 0.7 0 0 0 -2.3737324293731747e-07 0.05 0.05 2.3737324413177512e-07 -1.5 -1.5 -1.1989448583115194e-15
d 0.75000000000000011 0.75000000000000011 0 0 0 -5.849477795771224e-07 0.05 0.05 5.8494778076399323e-07 -1.5 -1.5 -1.1986908116797639e-15
d 0.8 0.8 0 0 0 -1.0750599721709107e-06 0.05 0.05 1.0750599734069892e-06 -1.5 -1.5 -1.1995323172894721e-15
d 0.8500000000000002 0.8500000000000002 0 0 0 -1.6389752175455672e-06 0.05 0.05 1.6389752187141591e-06 -1.5 -1.5 -1.1998366224120148e-15
d 0.90000000000000024 0.90000000000000024 0 0 0 -2.2354420131418671e-06 0.05 0.05 2.2354420142108548e-06 -1.5 -1.5 -1.1997102561818946e-15
d 0.95000000000000029 0.95000000000000029 0 0 0 -2.8451375979733086e-06 0.05 0.05 2.8451375990905036e-06 -1.5 -1.5 -1.1993580845011928e-15
d 1.0000000000000002 1.0000000000000002 0 0 0 -3.4589595628603774e-06 0.05 0.05 3.4589595641882057e-06 -1.5 -1.5 -1.1990294949786341e-15
d 1.0500000000000003 1.0500000000000003 0 0 0 -4.0723703392705697e-06 0.05 0.05 4.072370339562852e-06 -1.5 -1.5 -1.1987467948298928e-15
d 1.1000000000000003 1.1000000000000003 0 0 0 -4.6829670014603446e-06 0.05 0.05 4.682967001778679e-06 -1.5 -1.5 -1.198890575304704e-15
d 1.1500000000000004 1.1500000000000004 0 0 0 -5.2894452305908229e-06 0.05 0.05 5.2894452310422373e-06 -1.5 -1.5 -1.1992522463659262e-15
d 1.2000000000000004 1.2000000000000004 0 0 0 -5.8910912734618958e-06 0.05 0.05 5.8910912743416903e-06 -1.5 -1.5 -1.1990852354224344e-15
d 1.2500000000000004 1.2500000000000004 0 0 0 -6.4875279123109616e-06 0.05 0.05 6.4875279134928733e-06 -1.5 -1.5 -1.198885168906677e-15
d 1.3000000000000005 1.3000000000000005 0 0 0 -7.078577459668552e-06 0.05 0.05 7.0785774612148234e-06 -1.5 -1.5 -1.1990331925301758e-15
d 1.3500000000000005 1.3500000000000005 0 0 0 -7.6641839987785868e-06 0.05 0.05 7.6641840008504988e-06 -1.5 -1.5 -1.1982019516573684e-15
d 1.4000000000000006 1.4000000000000006 0 0 0 -8.2443672109086322e-06 0.05 0.05 8.2443672133079479e-06 -1.5 -1.5 -1.1989063329053967e-15
d 1.4500000000000006 1.4500000000000006 0 0 0 -8.8191942775745946e-06 0.05 0.05 8.8191942822420579e-06 -1.5 -1.5 -1.199219800238066e-15
d 1.5000000000000007 1.5000000000000007 0 0 0 -9.3887620558198575e-06 0.05 0.05 9.388762061136131e-06 -1.5 -1.5 -1.1983882186309103e-15
d 1.5500000000000007 1.5500000000000007 0 0 0 -9.9531853878546489e-06 0.05 0.05 9.9531853855865827e-06 -1.5 -1.5 -1.1980099853767064e-15
d 1.6000000000000008 1.6000000000000008 0 0 0 -1.0512589385207836e-05 0.05 0.05 1.0512589383466538e-05 -1.5 -1.5 -1.1981545796564928e-15
d 1.6500000000000008 1.6500000000000008 0 0 0 -1.1067104925016349e-05 0.05 0.05 1.1067104920252925e-05 -1.5 -1.5 -1.1980471550260708e-15
d 1.7000000000000008 1.7000000000000008 0 0 0 -1.1616864728673763e-05 0.05 0.05 1.1616864724141589e-05 -1.5 -1.5 -1.1983535605122882e-15
d 1.7500000000000009 1.7500000000000009 0 0 0 -1.2162001752499126e-05 0.05 0.05 1.2162001748095051e-05 -1.5 -1.5 -1.1984363449175533e-15
d 1.8000000000000009 1.8000000000000009 0 0 0 -1.270264697371396e-05 0.05 0.05 1.2702646969319404e-05 -1.5 -1.5 -1.1980214593185463e-15
d 1.850000000000001 1.850000000000001 0 0 0 -1.3238928639494808e-05 0.05 0.05 1.323892863526227e-05 -1.5 -1.5 -1.1987249902125098e-15
d 1.900000000000001 1.900000000000001 0 0 0 -1.3770971615533942e-05 0.05 0.05 1.3770971611421146e-05 -1.5 -1.5 -1.1986726268449079e-15
d 1.9500000000000011 1.9500000000000011 0 0 0 -1.4298896977923334e-05 0.05 0.05 1.4298896973795406e-05 -1.5 -1.5 -1.1989711295607451e-15
d 2.0000000000000009 2.0000000000000009 0 0 0 -1.4822821784313473e-05 0.05 0.05 1.4822821780370577e-05 -1.5 -1.5 -1.1982448652619387e-15
d 2.0500000000000007 2.0500000000000007 0 0 0 -1.5342858872193126e-05 0.05 0.05 1.5342858868232336e-05 -1.5 -1.5 -1.1985002288596623e-15
d 2.1000000000000005 2.1000000000000005 0 0 0 -1.5859117085612563e-05 0.05 0.05 1.5859117081628814e-05 -1.5 -1.5 -1.1990207466396671e-15
d 2.1500000000000004 2.1500000000000004 0 0 0 -1.6371701082076975e-05 0.05 0.05 1.6371701078337775e-05 -1.5 -1.5 -1.1981758526844026e-15
d 2.2000000000000002 2.2000000000000002 0 0 0 -1.6880711490500248e-05 0.05 0.05 1.6880711486730887e-05 -1.5 -1.5 -1.1987000246862867e-15
d 2.25 2.25 0 0 0 -1.7386245028205851e-05 0.05 0.05 1.7386245024573503e-05 -1.5 -1.5 -1.1982702470849014e-15
d 2.2999999999999998 2.2999999999999998 0 0 0 -1.788839460276236e-05 0.05 0.05 1.7888394599234814e-05 -1.5 -1.5 -1.1979974915788996e-15
d 2.3499999999999996 2.3499999999999996 0 0 0 -1.8387249443814148e-05 0.05 0.05 1.8387249440445874e-05 -1.5 -1.5 -1.1982840940456935e-15
d 2.3999999999999995 2.3999999999999995 0 0 0 -1.8882895201849433e-05 0.05 0.05 1.8882895198509416e-05 -1.5 -1.5 -1.1985525798122302e-15
d 2.4499999999999993 2.4499999999999993 0 0 0 -1.9375414308126719e-05 0.05 0.05 1.9375414304846239e-05 -1.5 -1.5 -1.1976151347553997e-15
d 2.4999999999999991 2.4999999999999991 0 0 0 -1.9864885889508799e-05 0.05 0.05 1.986488588636549e-05 -1.5 -1.5 -1.198116818668417e-15
d 2.5499999999999989 2.5499999999999989 0 0 0 -2.0351385978208547e-05 0.05 0.05 2.0351385975015433e-05 -1.5 -1.5 -1.1975793837332581e-15
d 2.5999999999999988 2.5999999999999988 0 0 0 -2.0834987663320192e-05 0.05 0.05 2.0834987660190785e-05 -1.5 -1.5 -1.1981588835961973e-15
d 2.6499999999999986 2.6499999999999986 0 0 0 -2.1315761223675347e-05 0.05 0.05 2.1315761220836231e-05 -1.5 -1.5 -1.1979324072462699e-15
d 2.6999999999999984 2.6999999999999984 0 0 0 -2.1793774230936035e-05 0.05 0.05 2.1793774228083984e-05 -1.5 -1.5 -1.1988627781756805e-15
d 2.7499999999999982 2.7499999999999982 0 0 0 -2.2269091745517081e-05 0.05 0.05 2.2269091742871756e-05 -1.5 -1.5 -1.1988495092478675e-15
d 2.799999999999998 2.799999999999998 0 0 0 -2.27417763685616e-05 0.05 0.05 2.2741776365880676e-05 -1.5 -1.5 -1.197816392864216e-15
d 2.8499999999999979 2.8499999999999979 0 0 0 -2.3211888382452033e-05 0.05 0.05 2.3211888379889162e-05 -1.5 -1.5 -1.1984905669794948e-15
d 2.8999999999999977 2.8999999999999977 0 0 0 -2.3679485851754697e-05 0.05 0.05 2.3679485849307351e-05 -1.5 -1.5 -1.1981053723366292e-15
d 2.9499999999999975 2.9499999999999975 0 0 0 -2.4144624730367632e-05 0.05 0.05 2.4144624728005138e-05 -1.5 -1.5 -1.1980207486071601e-15
d 3 3 0 0 0 -2.4607358931619297e-05 0.05 0.05 2.4607358929254648e-05 -1.5 -1.5 -1.1977571494270776e-15
Q 2 13 "Gate Voltage"
Q 3 13 "Source Voltage"
Q 4 13 "Drain Voltage"
Q 5 13 "Bulk Voltage"
Q 20 13 "Gate Current"
Q 21 13 "Source Current"
Q 22 13 "Drain Current"
Q 23 13 "Bulk Current"
Q 92 21 Contact
Q 601 13 "Gate Int. Voltage"
Q 602 13 "Source Int. Voltage"
Q 603 13 "Drain Int. Voltage"
Q 604 13 "Bulk Int. Voltage"
EOF 1084412672
