v VICTORYDEVICE
# silvaco.file ASCII version=1.14.29 format=1 contents=SDB,Tables=1

Copyright "###################################################################"
Copyright "#                    Copyright Silvaco Inc. (c)                   #"
Copyright "#                            1992-2014                            #"
Copyright "#                                                                 #"
Copyright "# This file format and the following Key are copyright Silvaco    #"
Copyright "# International. You may not use, this format or key without      #"
Copyright "# reproducing this message in full and obtaining                  #"
Copyright "# express written permission from Silvaco Inc.                    #"
Copyright "#                                                                 #"
Copyright "# To obtain such permission please contact: Silvaco Inc.          #"
Copyright "#                                           support@silvaco.com   #"
Copyright "#                                                                 #"
Copyright "# KEY=SVC86hn7562asdx                       PROD=345              #"
Copyright "###################################################################"
#This file was created by VICTORYDEVICE version 1.24.0.R
#victoryd 1.24.0.R (Wed Jun 26 14:34:23 PDT 2024)
#libSDB 1.12.65 (Thu Dec  7 08:14:05 PST 2023)
a VICTORYDEVICE
j 1 9
k 4
r 1 92
x 3 43 42 46
w gate 1 1
r 2 92
x 3 43 42 46
w source 1 2
r 3 92
x 3 43 42 46
w drain 1 3
r 4 92
x 3 43 42 46
w bulk 1 4
y 1 15
z 300
f 4 gate source drain bulk
p 12 2 601 20 3 602 21 4 603 22 5 604 23
d 0 0 0 0 0 -1.6543230996287949e-11 2 2 1.654187050789982e-11 0 0 -4.4387448935354055e-16
d 0 0 0 0 0 -1.6543264947636766e-11 2 2 1.6541864508510004e-11 0 0 -4.4398287035819669e-16
d 0.05 0.05 0 0 0 -6.6872736946363316e-11 2 2 6.6871983386476591e-11 0 0 -4.367913554365396e-16
d 0.1 0.1 0 0 0 -2.7357810513829047e-10 2 2 2.735775147847341e-10 0 0 -4.3095167739947203e-16
d 0.15 0.15 0 0 0 -1.1302827912079386e-09 2 2 1.1302854212806548e-09 0 0 -4.270332240793633e-16
d 0.2 0.2 0 0 0 -4.6954757614763538e-09 2 2 4.6954767998263126e-09 0 0 -4.2423850113050492e-16
d 0.25 0.25 0 0 0 -1.937514231096058e-08 2 2 1.9375142730567282e-08 0 0 -4.2257723396879985e-16
d 0.3 0.3 0 0 0 -7.6594404844938143e-08 2 2 7.6594404577789192e-08 0 0 -4.2186957000557026e-16
d 0.35 0.35 0 0 0 -2.6775817569966108e-07 2 2 2.6775817621603878e-07 0 0 -4.2295427632710861e-16
d 0.4 0.4 0 0 0 -7.5742771526685254e-07 2 2 7.5742771586720853e-07 0 0 -4.2605956082175546e-16
d 0.45 0.45 0 0 0 -1.7063065702701671e-06 2 2 1.7063065701015162e-06 0 0 -4.3148902458721819e-16
d 0.5 0.5 0 0 0 -3.202954571347431e-06 2 2 3.2029545715114005e-06 0 0 -4.3769773980214556e-16
d 0.55 0.55 0 0 0 -5.2739407194597962e-06 2 2 5.2739407193500732e-06 0 0 -4.4454077169931977e-16
d 0.6 0.6 0 0 0 -7.912437144201969e-06 2 2 7.9124371444030139e-06 0 0 -4.5149573750152144e-16
d 0.65 0.65 0 0 0 -1.10958753566106e-05 2 2 1.1095875361446174e-05 0 0 -4.584391142505191e-16
d 0.7 0.7 0 0 0 -1.4794843646616834e-05 2 2 1.4794843649297328e-05 0 0 -4.651753025988249e-16
d 0.75000000000000011 0.75000000000000011 0 0 0 -1.8977484547562645e-05 2 2 1.8977484547766821e-05 0 0 -4.7171204735381604e-16
d 0.8 0.8 0 0 0 -2.3611837059259009e-05 2 2 2.3611837057445782e-05 0 0 -4.7824976957901055e-16
d 0.8500000000000002 0.8500000000000002 0 0 0 -2.8667030388212812e-05 2 2 2.8667030387855699e-05 0 0 -4.841182655574301e-16
d 0.90000000000000024 0.90000000000000024 0 0 0 -3.4113888213119913e-05 2 2 3.4113888211309512e-05 0 0 -4.9000688994007765e-16
d 0.95000000000000029 0.95000000000000029 0 0 0 -3.9925196030291508e-05 2 2 3.9925196030319318e-05 0 0 -4.9567360145766376e-16
d 1.0000000000000002 1.0000000000000002 0 0 0 -4.6075782137724821e-05 2 2 4.6075782139370253e-05 0 0 -5.011905063161218e-16
d 1.0500000000000003 1.0500000000000003 0 0 0 -5.2542484610822438e-05 2 2 5.2542484614157017e-05 0 0 -5.0648162998760226e-16
d 1.1000000000000003 1.1000000000000003 0 0 0 -5.9304047930267536e-05 2 2 5.9304047937167128e-05 0 0 -5.1167592311110856e-16
d 1.1500000000000004 1.1500000000000004 0 0 0 -6.6341029480878507e-05 2 2 6.6341029494728756e-05 0 0 -5.1639909303025528e-16
d 1.2000000000000004 1.2000000000000004 0 0 0 -7.3635636467358305e-05 2 2 7.3635636488653675e-05 0 0 -5.2133915290353279e-16
d 1.2500000000000004 1.2500000000000004 0 0 0 -8.1171588345505059e-05 2 2 8.1171588378570867e-05 0 0 -5.2619532363108307e-16
d 1.3000000000000005 1.3000000000000005 0 0 0 -8.8933987076997122e-05 2 2 8.893398712012312e-05 0 0 -5.3065551304985483e-16
d 1.3500000000000005 1.3500000000000005 0 0 0 -9.6909180866868727e-05 2 2 9.6909180933783435e-05 0 0 -5.3501591193987376e-16
d 1.4000000000000006 1.4000000000000006 0 0 0 -0.00010508465211970691 2 2 0.00010508465208451095 0 0 -5.3914938889159344e-16
d 1.4500000000000006 1.4500000000000006 0 0 0 -0.000113448914124202 2 2 0.00011344891405801279 0 0 -5.4326129222617005e-16
d 1.5000000000000007 1.5000000000000007 0 0 0 -0.00012199141216384993 2 2 0.00012199141209487368 0 0 -5.4728625969721009e-16
d 1.5500000000000007 1.5500000000000007 0 0 0 -0.00013070244337128642 2 2 0.0001307024433034844 0 0 -5.5115391770189108e-16
d 1.6000000000000008 1.6000000000000008 0 0 0 -0.0001395730574639055 2 2 0.00013957305739271015 0 0 -5.5491650360810038e-16
d 1.6500000000000008 1.6500000000000008 0 0 0 -0.00014859498960374804 2 2 0.00014859498953542278 0 0 -5.5891081112317118e-16
d 1.7000000000000008 1.7000000000000008 0 0 0 -0.00015776060101676447 2 2 0.00015776060094788323 0 0 -5.6246580047613496e-16
d 1.7500000000000009 1.7500000000000009 0 0 0 -0.00016706281245755652 2 2 0.00016706281238623155 0 0 -5.6585876103206131e-16
d 1.8000000000000009 1.8000000000000009 0 0 0 -0.00017649506300300725 2 2 0.00017649506293180556 0 0 -5.6945060912650507e-16
d 1.850000000000001 1.850000000000001 0 0 0 -0.00018605122068481432 2 2 0.00018605122061581613 0 0 -5.7278360036224271e-16
d 1.900000000000001 1.900000000000001 0 0 0 -0.00019572564116862256 2 2 0.0001957256411058742 0 0 -5.7590520648354612e-16
d 1.9500000000000011 1.9500000000000011 0 0 0 -0.00020551303915507254 2 2 0.00020551303908576869 0 0 -5.7922918859591475e-16
d 2.0000000000000009 2.0000000000000009 0 0 0 -0.00021540847682296584 2 2 0.00021540847676719191 0 0 -5.8261790983804643e-16
d 2.0500000000000007 2.0500000000000007 0 0 0 -0.00022540733125663858 2 2 0.0002254073312145479 0 0 -5.8562693710771956e-16
d 2.1000000000000005 2.1000000000000005 0 0 0 -0.00023550525948379548 2 2 0.0002355052594319488 0 0 -5.8874905533558934e-16
d 2.1500000000000004 2.1500000000000004 0 0 0 -0.00024569822066021702 2 2 0.00024569822062897503 0 0 -5.9161610272301763e-16
d 2.2000000000000002 2.2000000000000002 0 0 0 -0.0002559824196057974 2 2 0.00025598241956395436 0 0 -5.9478953388218275e-16
d 2.25 2.25 0 0 0 -0.00026635426581805458 2 2 0.00026635426577794924 0 0 -5.9751472974815759e-16
d 2.2999999999999998 2.2999999999999998 0 0 0 -0.00027681037869718277 2 2 0.00027681037865792099 0 0 -6.0062854574819998e-16
d 2.3499999999999996 2.3499999999999996 0 0 0 -0.00028734754643371254 2 2 0.00028734754639789598 0 0 -6.0325952817560706e-16
d 2.3999999999999995 2.3999999999999995 0 0 0 -0.00029796275561618971 2 2 0.00029796275558398864 0 0 -6.0601257685079044e-16
d 2.4499999999999993 2.4499999999999993 0 0 0 -0.00030865313248078615 2 2 0.00030865313244966445 0 0 -6.0863603903024874e-16
d 2.4999999999999991 2.4999999999999991 0 0 0 -0.0003194159437971094 2 2 0.00031941594377117295 0 0 -6.1125148993410364e-16
d 2.5499999999999989 2.5499999999999989 0 0 0 -0.00033024858496755692 2 2 0.00033024858494299378 0 0 -6.139886473237238e-16
d 2.5999999999999988 2.5999999999999988 0 0 0 -0.00034114856985559858 2 2 0.00034114856983432257 0 0 -6.1669187391346088e-16
d 2.6499999999999986 2.6499999999999986 0 0 0 -0.00035211352238660222 2 2 0.00035211352236856923 0 0 -6.1901222462342519e-16
d 2.6999999999999984 2.6999999999999984 0 0 0 -0.00036314117024659111 2 2 0.00036314117023045851 0 0 -6.2159150598058323e-16
d 2.7499999999999982 2.7499999999999982 0 0 0 -0.000374229340651888 2 2 0.00037422934064070023 0 0 -6.2387800561080874e-16
d 2.799999999999998 2.799999999999998 0 0 0 -0.00038537595781831449 2 2 0.00038537595781215503 0 0 -6.2631626654596037e-16
d 2.8499999999999979 2.8499999999999979 0 0 0 -0.00039657904163023272 2 2 0.00039657904162924691 0 0 -6.2871155854792236e-16
d 2.8999999999999977 2.8999999999999977 0 0 0 -0.00040783670616075418 2 2 0.00040783670616922332 0 0 -6.311247229679891e-16
d 2.9499999999999975 2.9499999999999975 0 0 0 -0.00041914716005448266 2 2 0.00041914716007081688 0 0 -6.333269410338841e-16
d 3 3 0 0 0 -0.00043050870266791872 2 2 0.00043050870269281991 0 0 -6.3578306522812831e-16
Q 2 13 "Gate Voltage"
Q 3 13 "Source Voltage"
Q 4 13 "Drain Voltage"
Q 5 13 "Bulk Voltage"
Q 20 13 "Gate Current"
Q 21 13 "Source Current"
Q 22 13 "Drain Current"
Q 23 13 "Bulk Current"
Q 92 21 Contact
Q 601 13 "Gate Int. Voltage"
Q 602 13 "Source Int. Voltage"
Q 603 13 "Drain Int. Voltage"
Q 604 13 "Bulk Int. Voltage"
EOF 686176624
