v VICTORYDEVICE
# silvaco.file ASCII version=1.14.29 format=1 contents=SDB,Tables=1

Copyright "###################################################################"
Copyright "#                    Copyright Silvaco Inc. (c)                   #"
Copyright "#                            1992-2014                            #"
Copyright "#                                                                 #"
Copyright "# This file format and the following Key are copyright Silvaco    #"
Copyright "# International. You may not use, this format or key without      #"
Copyright "# reproducing this message in full and obtaining                  #"
Copyright "# express written permission from Silvaco Inc.                    #"
Copyright "#                                                                 #"
Copyright "# To obtain such permission please contact: Silvaco Inc.          #"
Copyright "#                                           support@silvaco.com   #"
Copyright "#                                                                 #"
Copyright "# KEY=SVC86hn7562asdx                       PROD=345              #"
Copyright "###################################################################"
#This file was created by VICTORYDEVICE version 1.24.0.R
#victoryd 1.24.0.R (Wed Jun 26 14:34:23 PDT 2024)
#libSDB 1.12.65 (Thu Dec  7 08:14:05 PST 2023)
a VICTORYDEVICE
j 1 9
k 4
r 1 92
x 3 43 42 46
w gate 1 1
r 2 92
x 3 43 42 46
w source 1 2
r 3 92
x 3 43 42 46
w drain 1 3
r 4 92
x 3 43 42 46
w bulk 1 4
y 1 15
z 300
f 4 gate source drain bulk
p 12 2 601 20 3 602 21 4 603 22 5 604 23
d 0 0 0 0 0 -1.6543275879480624e-11 2 2 1.654187050789982e-11 0 0 -4.4398790874373459e-16
d 0 0 0 0 0 -1.6521271098764853e-11 1.984375 1.984375 1.7050842453937259e-11 0 0 -4.4155500159907739e-16
d 0 0 0 0 0 -1.649928865588021e-11 1.96875 1.96875 1.6499250695922786e-11 0 0 -4.3950682973651281e-16
d 0 0 0 0 0 -1.6455103247443465e-11 1.9375 1.9375 1.645554674940917e-11 0 0 -4.3453580751096933e-16
d 0 0 0 0 0 -1.6366239238403451e-11 1.875 1.875 1.6367808955503311e-11 0 0 -4.2604627620546128e-16
d 0 0 0 0 0 -1.6186207599421296e-11 1.75 1.75 1.618633550687566e-11 0 0 -4.0812729357090006e-16
d 0 0 0 0 0 -1.5815549053586281e-11 1.5 1.5 1.5815737258241155e-11 0 0 -3.6821192497751734e-16
d 0 0 0 0 0 -1.5018378830307485e-11 1 1 1.5018779666881223e-11 0 0 -2.833321228650636e-16
d 0 0 0 0 0 1.8166254088304587e-17 0 0 5.2714481062808216e-18 0 0 5.8602557153199954e-20
d 0.25 0.25 0 0 0 3.8716952538495935e-17 0 0 3.868988440280905e-17 0 0 2.3146126188053241e-19
d 0.5 0.5 0 0 0 3.5657232437025532e-17 0 0 2.8080110984000334e-17 0 0 2.051605902626836e-19
d 0.75 0.75 0 0 0 1.2848569559305832e-17 0 0 2.1508265863924347e-17 0 0 -1.429779082533045e-19
d 1 1 0 0 0 -8.5610382174005938e-18 0 0 -4.1635197258740237e-18 0 0 -4.4140393349431585e-20
d 1 1 0 0 0 -6.3516859726399647e-19 0 0 -6.0810046157717309e-19 0 0 -1.8972396000749728e-19
d 1 1 0 0 0 -1.9918491260221523e-06 0.0125 0.0125 1.9918491260356722e-06 0 0 -1.5416832401134263e-17
d 1 1 0 0 0 -3.9325742478046226e-06 0.025 0.025 3.9325742478946037e-06 0 0 -2.8671205572577559e-17
d 1 1 0 0 0 -7.659065764832093e-06 0.05 0.05 7.6590657650763823e-06 0 0 -5.0581817746150709e-17
d 1 1 0 0 0 -1.4482903565845015e-05 0.1 0.1 1.4482903575204431e-05 0 0 -8.4981663514241928e-17
d 1 1 0 0 0 -2.5570515915610743e-05 0.2 0.2 2.5570515917229027e-05 0 0 -1.3835221207481042e-16
d 1 1 0 0 0 -3.3269814641988324e-05 0.3 0.3 3.3269814652219689e-05 0 0 -1.8266500395631159e-16
d 1 1 0 0 0 -3.7850846268714358e-05 0.4 0.4 3.7850846301872499e-05 0 0 -2.1886585155431661e-16
d 1 1 0 0 0 -4.0049150289853088e-05 0.5 0.5 4.0049150372081664e-05 0 0 -2.477870841650324e-16
d 1 1 0 0 0 -4.1051508451692449e-05 0.6 0.6 4.105150853853974e-05 0 0 -2.7193122896284837e-16
d 1 1 0 0 0 -4.1687017455352941e-05 0.7 0.7 4.1687017460603468e-05 0 0 -2.9327876657019532e-16
d 1 1 0 0 0 -4.2202980152565698e-05 0.8 0.8 4.2202980151158323e-05 0 0 -3.1362875223937442e-16
d 1 1 0 0 0 -4.2656603869636722e-05 0.9 0.9 4.2656603869021261e-05 0 0 -3.3256200392468182e-16
d 1 1 0 0 0 -4.3065685208501987e-05 1 1 4.3065685208922807e-05 0 0 -3.503445423232648e-16
d 1 1 0 0 0 -4.3440150715897401e-05 1.0999999999999999 1.0999999999999999 4.3440150716165843e-05 0 0 -3.6812942880328004e-16
d 1 1 0 0 0 -4.3788711421351403e-05 1.2 1.2 4.3788711421548592e-05 0 0 -3.8334263737646803e-16
d 1 1 0 0 0 -4.4117771289050122e-05 1.3 1.3 4.411777128846609e-05 0 0 -3.9927346734865328e-16
d 1 1 0 0 0 -4.4431086787337986e-05 1.4000000000000001 1.4000000000000001 4.4431086788033461e-05 0 0 -4.1513466995366502e-16
d 1 1 0 0 0 -4.4730950488931831e-05 1.5000000000000002 1.5000000000000002 4.4730950490341348e-05 0 0 -4.2950033454190247e-16
d 1 1 0 0 0 -4.5019003742696864e-05 1.6000000000000003 1.6000000000000003 4.5019003743113116e-05 0 0 -4.4426587799897925e-16
d 1 1 0 0 0 -4.5296534622887127e-05 1.7000000000000004 1.7000000000000004 4.5296534623447795e-05 0 0 -4.6015490094150322e-16
d 1 1 0 0 0 -4.5564603630500063e-05 1.8000000000000005 1.8000000000000005 4.5564603630706501e-05 0 0 -4.7412787737748385e-16
d 1 1 0 0 0 -4.5824104199014604e-05 1.9000000000000006 1.9000000000000006 4.5824104200004535e-05 0 0 -4.8725125933452734e-16
d 1 1 0 0 0 -4.6075783672260001e-05 2.0000000000000004 2.0000000000000004 4.607578367418242e-05 0 0 -5.0125278493784772e-16
d 1 1 0 0 0 -4.6320300538052849e-05 2.1000000000000005 2.1000000000000005 4.6320300538443792e-05 0 0 -5.1512568989964934e-16
d 1 1 0 0 0 -4.6558223743578302e-05 2.2000000000000006 2.2000000000000006 4.6558223744059444e-05 0 0 -5.2725569688170334e-16
d 1 1 0 0 0 -4.6790049538922787e-05 2.3000000000000007 2.3000000000000007 4.6790049537995204e-05 0 0 -5.3867678945882958e-16
d 1 1 0 0 0 -4.7016213651316574e-05 2.4000000000000008 2.4000000000000008 4.7016213652724004e-05 0 0 -5.5091293084002739e-16
d 1 1 0 0 0 -4.7237100458079337e-05 2.5000000000000009 2.5000000000000009 4.7237100458921552e-05 0 0 -5.6362531854065091e-16
d 1 1 0 0 0 -4.7453034548180744e-05 2.600000000000001 2.600000000000001 4.7453034548624427e-05 0 0 -5.7584537396642589e-16
d 1 1 0 0 0 -4.76643298261358e-05 2.7000000000000011 2.7000000000000011 4.766432982677794e-05 0 0 -5.8640194519885415e-16
d 1 1 0 0 0 -4.787126086226424e-05 2.8000000000000012 2.8000000000000012 4.7871260863805725e-05 0 0 -5.9722897415475036e-16
d 1 1 0 0 0 -4.807407539054291e-05 2.9000000000000012 2.9000000000000012 4.8074075390613451e-05 0 0 -6.091051970342389e-16
d 1 1 0 0 0 -4.8273001613863533e-05 3 3 4.8273001613184558e-05 0 0 -6.2121220694203029e-16
d 0 0 0 0 0 -1.7873597480215082e-11 3 3 1.7873653193527271e-11 0 0 -5.7465197398369188e-16
d 0 0 0 0 0 -1.7858752437638728e-11 2.98828125 2.98828125 2.731501460842244e-11 0 0 -5.7172880814684232e-16
d 0 0 0 0 0 -1.7843847334264643e-11 2.9765625 2.9765625 1.7844021266066661e-11 0 0 -5.716419810429813e-16
d 0 0 0 0 0 -1.7814077749088367e-11 2.953125 2.953125 1.7813916557253994e-11 0 0 -5.6853048755685242e-16
d 0 0 0 0 0 -1.7754273556724061e-11 2.90625 2.90625 1.7753956073368215e-11 0 0 -5.6227861673289764e-16
d 0 0 0 0 0 -1.7633882935166036e-11 2.8125 2.8125 1.7633862434014521e-11 0 0 -5.5029196917356008e-16
d 0 0 0 0 0 -1.7390032211010624e-11 2.625 2.625 1.7391010188423287e-11 0 0 -5.282103815346994e-16
d 0 0 0 0 0 -1.688892827087154e-11 2.25 2.25 1.6890684130398778e-11 0 0 -4.7818834539853449e-16
d 0 0 0 0 0 -1.5815494978999601e-11 1.5 1.5 1.5815746873071481e-11 0 0 -3.6831149376127991e-16
d 0 0 0 0 0 -1.4579923602697983e-11 0.75 0.75 1.4580185578998327e-11 0 0 -2.3668518483472238e-16
d 0 0 0 0 0 1.8166254088304587e-17 0 0 -5.9456639373372919e-19 0 0 5.5756294496942815e-20
d 0.375 0.375 0 0 0 1.5593919038223112e-17 0 0 1.9468461087546908e-17 0 0 -3.5451348583367116e-20
d 0.5625 0.5625 0 0 0 -1.9835726020346121e-18 0 0 2.2515370753704957e-18 0 0 7.6380558279998928e-20
d 0.75 0.75 0 0 0 -1.0711366867190375e-18 0 0 -1.0440685510320564e-18 0 0 -1.4134213271512782e-19
d 1.5 1.5 0 0 0 -9.1953742645045762e-18 0 0 -1.7773866162062526e-17 0 0 -1.3590325982112085e-19
d 1.5 1.5 0 0 0 -6.641325444740504e-18 0 0 -6.614257309053696e-18 0 0 -1.4843124477505245e-19
d 1.5 1.5 0 0 0 -3.4567041822200609e-06 0.0125 0.0125 3.4567041822032917e-06 0 0 -1.568577267599103e-17
d 1.5 1.5 0 0 0 -6.8655375560475135e-06 0.025 0.025 6.8655375559027539e-06 0 0 -2.8738520529933098e-17
d 1.5 1.5 0 0 0 -1.3536662114284026e-05 0.05 0.05 1.3536662114399553e-05 0 0 -5.101474152807581e-17
d 1.5 1.5 0 0 0 -2.6273339434794197e-05 0.1 0.1 2.6273339441212301e-05 0 0 -8.5790744455589561e-17
d 1.5 1.5 0 0 0 -4.918813574727478e-05 0.2 0.2 4.918813574723272e-05 0 0 -1.4097472775946773e-16
d 1.5 1.5 0 0 0 -6.849280274217851e-05 0.3 0.3 6.8492802741489635e-05 0 0 -1.8879262669193647e-16
d 1.5 1.5 0 0 0 -8.4054017714015603e-05 0.4 0.4 8.4054017712043412e-05 0 0 -2.309878800069131e-16
d 1.5 1.5 0 0 0 -9.5873127346628965e-05 0.5 0.5 9.5873127341547756e-05 0 0 -2.678477393211787e-16
d 1.5 1.5 0 0 0 -0.00010411575253278994 0.6 0.6 0.00010411575251729503 0 0 -3.0067557932914104e-16
d 1.5 1.5 0 0 0 -0.00010920444909429446 0.7 0.7 0.00010920444905050368 0 0 -3.2881269477663001e-16
d 1.5 1.5 0 0 0 -0.00011199732140283203 0.8 0.8 0.00011199732131026041 0 0 -3.5313964368323571e-16
d 1.5 1.5 0 0 0 -0.00011363011110372585 0.9 0.9 0.00011363011103636773 0 0 -3.7399940468810587e-16
d 1.5 1.5 0 0 0 -0.00011482520176818518 1 1 0.00011482520175753082 0 0 -3.9257670966652316e-16
d 1.5 1.5 0 0 0 -0.00011583190213015729 1.0999999999999999 1.0999999999999999 0.000115831902130014 0 0 -4.111073027374339e-16
d 1.5 1.5 0 0 0 -0.00011672698626683176 1.2 1.2 0.0001167269862666095 0 0 -4.2712690880827583e-16
d 1.5 1.5 0 0 0 -0.00011753846431147495 1.3 1.3 0.000117538464311424 0 0 -4.4355802831696907e-16
d 1.5 1.5 0 0 0 -0.00011828390703825048 1.4000000000000001 1.4000000000000001 0.00011828390703822638 0 0 -4.5974933631281596e-16
d 1.5 1.5 0 0 0 -0.00011897933202355134 1.5000000000000002 1.5000000000000002 0.00011897933202360589 0 0 -4.745686382710067e-16
d 1.5 1.5 0 0 0 -0.00011963653398917469 1.6000000000000003 1.6000000000000003 0.00011963653399017909 0 0 -4.8930156079556869e-16
d 1.5 1.5 0 0 0 -0.00012026254328372386 1.7000000000000004 1.7000000000000004 0.00012026254328428637 0 0 -5.0535880997814008e-16
d 1.5 1.5 0 0 0 -0.00012086170548678826 1.8000000000000005 1.8000000000000005 0.00012086170548721027 0 0 -5.1956111005378188e-16
d 1.5 1.5 0 0 0 -0.00012143718096594547 1.9000000000000006 1.9000000000000006 0.00012143718096625303 0 0 -5.3319594067382685e-16
d 1.5 1.5 0 0 0 -0.00012199141378070782 2.0000000000000004 2.0000000000000004 0.00012199141378181982 0 0 -5.4721285393688731e-16
d 1.5 1.5 0 0 0 -0.00012252641621580124 2.1000000000000005 2.1000000000000005 0.00012252641621563303 0 0 -5.6146446186875078e-16
d 1.5 1.5 0 0 0 -0.00012304386787527006 2.2000000000000006 2.2000000000000006 0.00012304386787438668 0 0 -5.7369135296131157e-16
d 1.5 1.5 0 0 0 -0.0001235452583628942 2.3000000000000007 2.3000000000000007 0.00012354525836329899 0 0 -5.8531653065931382e-16
d 1.5 1.5 0 0 0 -0.00012403186805430412 2.4000000000000008 2.4000000000000008 0.00012403186805628175 0 0 -5.9758318562724318e-16
d 1.5 1.5 0 0 0 -0.0001245048162118982 2.5000000000000009 2.5000000000000009 0.00012450481621248838 0 0 -6.1077644831542411e-16
d 1.5 1.5 0 0 0 -0.00012496508559206858 2.600000000000001 2.600000000000001 0.00012496508559172199 0 0 -6.2263669805875393e-16
d 1.5 1.5 0 0 0 -0.0001254135291751694 2.7000000000000011 2.7000000000000011 0.00012541352917584984 0 0 -6.3340906586664589e-16
d 1.5 1.5 0 0 0 -0.00012585088640476786 2.8000000000000012 2.8000000000000012 0.00012585088640734937 0 0 -6.4419894635936086e-16
d 1.5 1.5 0 0 0 -0.00012627783730531828 2.9000000000000012 2.9000000000000012 0.00012627783730625354 0 0 -6.5597619260782758e-16
d 1.5 1.5 0 0 0 -0.00012669501300036814 3 3 0.00012669501300273742 0 0 -6.6857703346360065e-16
d 0 0 0 0 0 -1.7873597426078809e-11 3 3 1.7873653178301444e-11 0 0 -5.746436437355132e-16
d 0 0 0 0 0 -1.7858755440164691e-11 2.98828125 2.98828125 2.7315014611805948e-11 0 0 -5.7173253152040501e-16
d 0 0 0 0 0 -1.7843839120299399e-11 2.9765625 2.9765625 1.7844021262683141e-11 0 0 -5.716419810429813e-16
d 0 0 0 0 0 -1.7814065624439561e-11 2.953125 2.953125 1.7813916558945747e-11 0 0 -5.6853156276785457e-16
d 0 0 0 0 0 -1.7754249559164805e-11 2.90625 2.90625 1.7753956073368215e-11 0 0 -5.622745681856942e-16
d 0 0 0 0 0 -1.7633886404579223e-11 2.8125 2.8125 1.7633862427247486e-11 0 0 -5.5029673972630962e-16
d 0 0 0 0 0 -1.7390034769811606e-11 2.625 2.625 1.7391010188423287e-11 0 0 -5.2821145674570145e-16
d 0 0 0 0 0 -1.6888961029415409e-11 2.25 2.25 1.689068412701526e-11 0 0 -4.7816361554548578e-16
d 0 0 0 0 0 -1.5815495019601806e-11 1.5 1.5 1.5815746859537414e-11 0 0 -3.6831149376127991e-16
d 0 0 0 0 0 -1.4579923575629848e-11 0.75 0.75 1.4580185578998327e-11 0 0 -2.3668518483472238e-16
d 0 0 0 0 0 -1.0228043610320672e-18 0 0 1.8635094259133233e-17 0 0 5.5756294496942394e-20
d 0.25 0.25 0 0 0 3.8649282199278719e-17 0 0 4.3033266622961705e-17 0 0 2.3146126188053294e-19
d 0.5 0.5 0 0 0 2.8107179119687311e-17 0 0 2.8080110984000334e-17 0 0 2.0408537926056221e-19
d 0.75 0.75 0 0 0 1.2902705830679609e-17 0 0 2.1427061456863682e-17 0 0 -1.4297790825330551e-19
d 1 1 0 0 0 1.2572622290493435e-19 0 0 -4.1770537937174655e-18 0 0 -4.4140393349431934e-20
d 2 2 0 0 0 2.2978476479286079e-17 0 0 1.4372916446041237e-17 0 0 -1.6139784538363055e-19
d 2 2 0 0 0 -5.9456639373366583e-19 0 0 -4.9108804781995023e-18 0 0 -1.5314945561869615e-19
d 2 2 0 0 0 -4.8010320283964072e-06 0.0125 0.0125 4.8010320284075855e-06 0 0 -1.5429154584624239e-17
d 2 2 0 0 0 -9.5567374102827839e-06 0.025 0.025 9.5567374106178854e-06 0 0 -2.8760474579022565e-17
d 2 2 0 0 0 -1.8928417822519607e-05 0.05 0.05 1.8928417822533098e-05 0 0 -5.1040278200957104e-17
d 2 2 0 0 0 -3.7087503836193245e-05 0.1 0.1 3.7087503833960432e-05 0 0 -8.6170656000978043e-17
d 2 2 0 0 0 -7.088176818439713e-05 0.2 0.2 7.0881768045107847e-05 0 0 -1.3492302349428672e-16
d 2 2 0 0 0 -0.00010100839971155593 0.3 0.3 0.00010100839988227338 0 0 -1.5844543178519795e-16
d 2 2 0 0 0 -0.00012719886010830367 0.4 0.4 0.00012719886010948957 0 0 -2.346596938086384e-16
d 2 2 0 0 0 -0.00014930198802986299 0.5 0.5 0.00014930198803162002 0 0 -2.7429437856821969e-16
d 2 2 0 0 0 -0.00016728613241202031 0.6 0.6 0.00016728613241511498 0 0 -3.1083505763671427e-16
d 2 2 0 0 0 -0.0001812384130955677 0.7 0.7 0.00018123841309939851 0 0 -3.4396735351496656e-16
d 2 2 0 0 0 -0.00019137742085564269 0.8 0.8 0.0001913774208597767 0 0 -3.7395479357043348e-16
d 2 2 0 0 0 -0.00019811658534728491 0.9 0.9 0.00019811658534759735 0 0 -4.0012859012376312e-16
d 2 2 0 0 0 -0.00020220881843229424 1 1 0.00020220881841553402 0 0 -4.2230260900898042e-16
d 2 2 0 0 0 -0.00020473175893316646 1.0999999999999999 1.0999999999999999 0.00020473175889728609 0 0 -4.4236189765629189e-16
d 2 2 0 0 0 -0.00020655069021597688 1.2 1.2 0.0002065506901903361 0 0 -4.5953477316070969e-16
d 2 2 0 0 0 -0.00020804867848132834 1.3 1.3 0.00020804867847420283 0 0 -4.7654760579513724e-16
d 2 2 0 0 0 -0.00020936911038911307 1.4000000000000001 1.4000000000000001 0.00020936911038582263 0 0 -4.9344490473364239e-16
d 2 2 0 0 0 -0.00021056467892041657 1.5000000000000002 1.5000000000000002 0.000210564678917606 0 0 -5.0866384627759491e-16
d 2 2 0 0 0 -0.0002116603999823456 1.6000000000000003 1.6000000000000003 0.00021166039998209938 0 0 -5.241340714290066e-16
d 2 2 0 0 0 -0.00021267696058180536 1.7000000000000004 1.7000000000000004 0.00021267696058112359 0 0 -5.4000420578062907e-16
d 2 2 0 0 0 -0.00021363287052502091 1.8000000000000005 1.8000000000000005 0.00021363287052392221 0 0 -5.5428536902927739e-16
d 2 2 0 0 0 -0.0002145408116473424 1.9000000000000006 1.9000000000000006 0.00021454081164759052 0 0 -5.6805896720884406e-16
d 2 2 0 0 0 -0.00021540847827285632 2.0000000000000004 2.0000000000000004 0.00021540847827263923 0 0 -5.8252154008426569e-16
d 2 2 0 0 0 -0.0002162409330671446 2.1000000000000005 2.1000000000000005 0.00021624093306707126 0 0 -5.9671160281025573e-16
d 2 2 0 0 0 -0.00021704197496085406 2.2000000000000006 2.2000000000000006 0.00021704197496162696 0 0 -6.0957576833967243e-16
d 2 2 0 0 0 -0.00021781456536974984 2.3000000000000007 2.3000000000000007 0.00021781456537006797 0 0 -6.211657461371264e-16
d 2 2 0 0 0 -0.00021856125507541734 2.4000000000000008 2.4000000000000008 0.00021856125507463059 0 0 -6.3366072107960732e-16
d 2 2 0 0 0 -0.00021928419144964681 2.5000000000000009 2.5000000000000009 0.00021928419144982378 0 0 -6.4665531066590253e-16
d 2 2 0 0 0 -0.00021998521652498229 2.600000000000001 2.600000000000001 0.00021998521652708618 0 0 -6.5887993950927486e-16
d 2 2 0 0 0 -0.00022066592720136147 2.7000000000000011 2.7000000000000011 0.00022066592720380594 0 0 -6.6961344513678988e-16
d 2 2 0 0 0 -0.00022132774143673113 2.8000000000000012 2.8000000000000012 0.00022132774143778056 0 0 -6.8048292963859494e-16
d 2 2 0 0 0 -0.00022197186357674219 2.9000000000000012 2.9000000000000012 0.00022197186357723059 0 0 -6.9257963197577587e-16
d 2 2 0 0 0 -0.00022259947331632458 3 3 0.00022259947331732124 0 0 -7.0505306759676713e-16
d 0 0 0 0 0 -1.7873575686599672e-11 3 3 1.7873653183376721e-11 0 0 -5.7465091791571768e-16
d 0 0 0 0 0 -1.7858760001226113e-11 2.98828125 2.98828125 2.731501460842244e-11 0 0 -5.7173357869959176e-16
d 0 0 0 0 0 -1.7843847334264643e-11 2.9765625 2.9765625 1.7844021262683141e-11 0 0 -5.716419810429813e-16
d 0 0 0 0 0 -1.7814077749088367e-11 2.953125 2.953125 1.7813916557253994e-11 0 0 -5.6852782165972774e-16
d 0 0 0 0 0 -1.7754273556724061e-11 2.90625 2.90625 1.7753956075059968e-11 0 0 -5.6227564339669655e-16
d 0 0 0 0 0 -1.7633882962234171e-11 2.8125 2.8125 1.7633862430631004e-11 0 0 -5.5029781493731168e-16
d 0 0 0 0 0 -1.7390032183942486e-11 2.625 2.625 1.7391010188423287e-11 0 0 -5.282103815346994e-16
d 0 0 0 0 0 -1.688892827087154e-11 2.25 2.25 1.6890684130398778e-11 0 0 -4.7818834539853449e-16
d 0 0 0 0 0 -1.5815510391926633e-11 1.5 1.5 1.5815746859537414e-11 0 0 -3.6831149376127991e-16
d 0 0 0 0 0 -1.4579913320829256e-11 0.75 0.75 1.4580185578998327e-11 0 0 -2.3668623201390908e-16
d 0 0 0 0 0 -1.076940632405841e-18 0 0 1.8635094259133233e-17 0 0 5.5756294496942719e-20
d 0.3125 0.3125 0 0 0 -2.0338471089987391e-17 0 0 -8.380293666408155e-18 0 0 2.5223217130412741e-19
d 0.46875 0.46875 0 0 0 7.4696814604375735e-18 0 0 1.1772461477059639e-17 0 0 7.9172327909295999e-20
d 0.625 0.625 0 0 0 -2.287814320238425e-17 0 0 -9.9152461678581099e-18 0 0 9.7384341391978941e-20
d 1.25 1.25 0 0 0 6.7997331111401535e-17 0 0 6.7970262975714459e-17 0 0 -1.0899476574020697e-19
d 2.5 2.5 0 0 0 1.3516440511444411e-17 0 0 -1.0297498699224454e-17 0 0 1.7603268025486725e-19
d 2.5 2.5 0 0 0 -6.58718917336673e-18 0 0 -1.0822298850771919e-17 0 0 1.1757738877849699e-19
d 2.5 2.5 0 0 0 -6.0534030123653895e-06 0.0125 0.0125 6.0534030124067501e-06 0 0 -1.5694242929407944e-17
d 2.5 2.5 0 0 0 -1.2063410335735726e-05 0.025 0.025 1.2063410336146258e-05 0 0 -2.8788391621385387e-17
d 2.5 2.5 0 0 0 -2.394887623490999e-05 0.05 0.05 2.3948876234907144e-05 0 0 -5.0970340934144444e-17
d 2.5 2.5 0 0 0 -4.7151867781100927e-05 0.1 0.1 4.7151867780292485e-05 0 0 -8.6192638088126232e-17
d 2.5 2.5 0 0 0 -9.1062631883805564e-05 0.2 0.2 9.1062631827379224e-05 0 0 -1.3640204060597145e-16
d 2.5 2.5 0 0 0 -0.00013127092010644474 0.3 0.3 0.00013127091975537246 0 0 -1.6534853426087772e-16
d 2.5 2.5 0 0 0 -0.00016741725372291494 0.4 0.4 0.00016741725263914517 0 0 -2.0658670316045791e-16
d 2.5 2.5 0 0 0 -0.00019925842422284539 0.5 0.5 0.00019925842422591878 0 0 -2.7735666811212983e-16
d 2.5 2.5 0 0 0 -0.00022667089368308782 0.6 0.6 0.00022667089368675312 0 0 -3.1540937723157439e-16
d 2.5 2.5 0 0 0 -0.00024964498471715735 0.7 0.7 0.00024964498472345933 0 0 -3.5074310190489782e-16
d 2.5 2.5 0 0 0 -0.00026827449461429883 0.8 0.8 0.00026827449462393067 0 0 -3.8360022655717338e-16
d 2.5 2.5 0 0 0 -0.00028274989774564106 0.9 0.9 0.00028274989776021285 0 0 -4.1351799787633603e-16
d 2.5 2.5 0 0 0 -0.00029337119180421466 1 1 0.00029337119182649784 0 0 -4.3986408804703753e-16
d 2.5 2.5 0 0 0 -0.00030061152488917612 1.0999999999999999 1.0999999999999999 0.00030061152492289123 0 0 -4.6390534903933961e-16
d 2.5 2.5 0 0 0 -0.00030524008321288181 1.2 1.2 0.00030524008324264783 0 0 -4.838788893215023e-16
d 2.5 2.5 0 0 0 -0.00030828055663430817 1.3 1.3 0.00030828055662674532 0 0 -5.0233860683557594e-16
d 2.5 2.5 0 0 0 -0.00031054590719201407 1.4000000000000001 1.4000000000000001 0.00031054590716024033 0 0 -5.201515852756838e-16
d 2.5 2.5 0 0 0 -0.00031241865436825876 1.5000000000000002 1.5000000000000002 0.00031241865435617652 0 0 -5.357146093983447e-16
d 2.5 2.5 0 0 0 -0.00031406848886943926 1.6000000000000003 1.6000000000000003 0.00031406848886103415 0 0 -5.5164224427711618e-16
d 2.5 2.5 0 0 0 -0.00031556580017429365 1.7000000000000004 1.7000000000000004 0.00031556580016741574 0 0 -5.6793491610838699e-16
d 2.5 2.5 0 0 0 -0.00031694154229035883 1.8000000000000005 1.8000000000000005 0.00031694154228855721 0 0 -5.8271655813977976e-16
d 2.5 2.5 0 0 0 -0.00031821791119585811 1.9000000000000006 1.9000000000000006 0.00031821791119592154 0 0 -5.9674351075227676e-16
d 2.5 2.5 0 0 0 -0.00031941594494299454 2.0000000000000004 2.0000000000000004 0.00031941594494094274 0 0 -6.1138786216607326e-16
d 2.5 2.5 0 0 0 -0.00032055226332714252 2.1000000000000005 2.1000000000000005 0.00032055226332614479 0 0 -6.2581112926091582e-16
d 2.5 2.5 0 0 0 -0.00032163763431324174 2.2000000000000006 2.2000000000000006 0.00032163763431197095 0 0 -6.3845353299472111e-16
d 2.5 2.5 0 0 0 -0.00032267898300632452 2.3000000000000007 2.3000000000000007 0.00032267898300646807 0 0 -6.5030699029176894e-16
d 2.5 2.5 0 0 0 -0.00032368121336792341 2.4000000000000008 2.4000000000000008 0.00032368121336780713 0 0 -6.6308750228063459e-16
d 2.5 2.5 0 0 0 -0.00032464808570173149 2.5000000000000009 2.5000000000000009 0.0003246480857027965 0 0 -6.7637801821133029e-16
d 2.5 2.5 0 0 0 -0.00032558267216299788 2.600000000000001 2.600000000000001 0.0003255826721639027 0 0 -6.8858158323786968e-16
d 2.5 2.5 0 0 0 -0.0003264876266522567 2.7000000000000011 2.7000000000000011 0.00032648762665265726 0 0 -6.9929754972862661e-16
d 2.5 2.5 0 0 0 -0.0003273651789848728 2.8000000000000012 2.8000000000000012 0.00032736517898625061 0 0 -7.1043839229519816e-16
d 2.5 2.5 0 0 0 -0.0003282172607821371 2.9000000000000012 2.9000000000000012 0.00032821726078324781 0 0 -7.2254309415160952e-16
d 2.5 2.5 0 0 0 -0.00032904564064586343 3 3 0.00032904564064558273 0 0 -7.3506896668328739e-16
Q 2 13 "Gate Voltage"
Q 3 13 "Source Voltage"
Q 4 13 "Drain Voltage"
Q 5 13 "Bulk Voltage"
Q 20 13 "Gate Current"
Q 21 13 "Source Current"
Q 22 13 "Drain Current"
Q 23 13 "Bulk Current"
Q 92 21 Contact
Q 601 13 "Gate Int. Voltage"
Q 602 13 "Source Int. Voltage"
Q 603 13 "Drain Int. Voltage"
Q 604 13 "Bulk Int. Voltage"
EOF 91355024
